original seed=0 epoch=1 loss=0.00035
original seed=0 epoch=2 loss=0.00007
original seed=0 epoch=3 loss=0.00025
original seed=0 epoch=4 loss=0.00054
original seed=0 epoch=5 loss=0.00087
original seed=0 epoch=6 loss=0.00117
original seed=0 epoch=7 loss=0.00139
original seed=0 epoch=8 loss=0.00158
original seed=0 epoch=9 loss=0.00177
original seed=0 epoch=10 loss=0.00189
original seed=0 epoch=11 loss=0.00203
original seed=0 epoch=12 loss=0.00219
original seed=0 epoch=13 loss=0.00231
original seed=0 epoch=14 loss=0.00243
original seed=0 epoch=15 loss=0.00260
original seed=0 epoch=16 loss=0.00274
{"encoder_floor_active_fraction": 0.007102272938936949, "encoder_floor_raw_mean": 4.461531261767959e-06, "factor_floor_active_fraction": 0.05149148032069206, "factor_floor_raw_mean": 0.00017866962298285216, "floor_weight": 0.1, "gram_rmse": 0.00044052371549585485, "gram_weight": 0.05, "seed": 0, "sigreg_weight": 0.0, "train_seconds": 26.97576782910619, "trainable_parameters": 540928, "updates": 2816, "validation_collapsed_coordinate_fraction": 0.125, "validation_covariance_identity_rmse": 0.12124337738529391, "validation_effective_rank": 7.311105934396991, "validation_mean_coordinate_std": 0.17939708099787008, "validation_min_coordinate_std": 0.05638499327220486, "validation_probe_accuracy": 0.1468, "variant": "original"}
original seed=1 epoch=1 loss=0.00031
original seed=1 epoch=2 loss=0.00008
original seed=1 epoch=3 loss=0.00024
original seed=1 epoch=4 loss=0.00048
original seed=1 epoch=5 loss=0.00076
original seed=1 epoch=6 loss=0.00104
original seed=1 epoch=7 loss=0.00128
original seed=1 epoch=8 loss=0.00143
original seed=1 epoch=9 loss=0.00158
original seed=1 epoch=10 loss=0.00176
original seed=1 epoch=11 loss=0.00187
original seed=1 epoch=12 loss=0.00199
original seed=1 epoch=13 loss=0.00208
original seed=1 epoch=14 loss=0.00224
original seed=1 epoch=15 loss=0.00235
original seed=1 epoch=16 loss=0.00253
{"encoder_floor_active_fraction": 0.0067471591755747795, "encoder_floor_raw_mean": 4.0963454921438824e-06, "factor_floor_active_fraction": 0.04545454680919647, "factor_floor_raw_mean": 0.0001509026187704876, "floor_weight": 0.1, "gram_rmse": 0.0005306735946351298, "gram_weight": 0.05, "seed": 1, "sigreg_weight": 0.0, "train_seconds": 24.298897602013312, "trainable_parameters": 540928, "updates": 2816, "validation_collapsed_coordinate_fraction": 0.109375, "validation_covariance_identity_rmse": 0.12127812969022692, "validation_effective_rank": 6.911518512938117, "validation_mean_coordinate_std": 0.18377466459967953, "validation_min_coordinate_std": 0.06794597436897959, "validation_probe_accuracy": 0.151, "variant": "original"}
plus seed=0 epoch=1 loss=0.00464
plus seed=0 epoch=2 loss=0.01004
plus seed=0 epoch=3 loss=0.02519
plus seed=0 epoch=4 loss=0.03836
plus seed=0 epoch=5 loss=0.04853
plus seed=0 epoch=6 loss=0.05650
plus seed=0 epoch=7 loss=0.06148
plus seed=0 epoch=8 loss=0.06546
plus seed=0 epoch=9 loss=0.06692
plus seed=0 epoch=10 loss=0.06837
plus seed=0 epoch=11 loss=0.06753
plus seed=0 epoch=12 loss=0.06949
plus seed=0 epoch=13 loss=0.06903
plus seed=0 epoch=14 loss=0.06882
plus seed=0 epoch=15 loss=0.06957
plus seed=0 epoch=16 loss=0.06937
{"encoder_floor_active_fraction": 0.0028409091755747795, "encoder_floor_raw_mean": 4.434178663359489e-06, "factor_floor_active_fraction": 0.024857955053448677, "factor_floor_raw_mean": 0.00010128239955520257, "floor_weight": 0.1, "gram_rmse": 0.009961946737033779, "gram_weight": 0.05, "seed": 0, "sigreg_weight": 0.0001, "train_seconds": 24.72955082496628, "trainable_parameters": 540928, "updates": 2816, "validation_collapsed_coordinate_fraction": 0.0, "validation_covariance_identity_rmse": 0.4940399799914032, "validation_effective_rank": 6.712387642184913, "validation_mean_coordinate_std": 1.0457724375982147, "validation_min_coordinate_std": 0.4746961435332545, "validation_probe_accuracy": 0.1304, "variant": "plus"}
plus seed=1 epoch=1 loss=0.00493
plus seed=1 epoch=2 loss=0.01056
plus seed=1 epoch=3 loss=0.02631
plus seed=1 epoch=4 loss=0.03882
plus seed=1 epoch=5 loss=0.05003
plus seed=1 epoch=6 loss=0.05868
plus seed=1 epoch=7 loss=0.06336
plus seed=1 epoch=8 loss=0.06585
plus seed=1 epoch=9 loss=0.06617
plus seed=1 epoch=10 loss=0.06828
plus seed=1 epoch=11 loss=0.06854
plus seed=1 epoch=12 loss=0.06937
plus seed=1 epoch=13 loss=0.06913
plus seed=1 epoch=14 loss=0.07045
plus seed=1 epoch=15 loss=0.07082
plus seed=1 epoch=16 loss=0.07195
{"encoder_floor_active_fraction": 0.00390625, "encoder_floor_raw_mean": 4.0365575841860846e-06, "factor_floor_active_fraction": 0.026633523404598236, "factor_floor_raw_mean": 9.730883903102949e-05, "floor_weight": 0.1, "gram_rmse": 0.009709419386702908, "gram_weight": 0.05, "seed": 1, "sigreg_weight": 0.0001, "train_seconds": 24.315176385105588, "trainable_parameters": 540928, "updates": 2816, "validation_collapsed_coordinate_fraction": 0.0, "validation_covariance_identity_rmse": 0.46432526873363666, "validation_effective_rank": 7.210305033511042, "validation_mean_coordinate_std": 0.9994954464811221, "validation_min_coordinate_std": 0.35952062726261674, "validation_probe_accuracy": 0.135, "variant": "plus"}
WROTE /workspace/opf-lowweight-screen-2026-09-26/w0p0001/results.json
