{"collapsed_coordinate_fraction": 1.0, "covariance_identity_rmse": 0.12499955426172639, "effective_rank": 2.867428524665312, "linear_probe_accuracy": 0.1159, "mean_coordinate_std": 0.0016878994716653661, "min_coordinate_std": 0.0005680566852658533, "seed": 0, "train_seconds": 6.944220513105392e-05, "variant": "random"}
{"collapsed_coordinate_fraction": 1.0, "covariance_identity_rmse": 0.12499946261077037, "effective_rank": 2.8198006208781266, "linear_probe_accuracy": 0.114, "mean_coordinate_std": 0.0018887163274423522, "min_coordinate_std": 0.0006715204057763129, "seed": 1, "train_seconds": 4.0860846638679504e-05, "variant": "random"}
{"collapsed_coordinate_fraction": 1.0, "covariance_identity_rmse": 0.124999679210677, "effective_rank": 3.236581874571909, "linear_probe_accuracy": 0.1195, "mean_coordinate_std": 0.001399341498561734, "min_coordinate_std": 0.0004428677065394026, "seed": 2, "train_seconds": 4.104059189558029e-05, "variant": "random"}
prediction-only seed=0 epoch=1 loss=0.00004
prediction-only seed=0 epoch=2 loss=0.00000
prediction-only seed=0 epoch=3 loss=0.00000
prediction-only seed=0 epoch=4 loss=0.00000
prediction-only seed=0 epoch=5 loss=0.00000
prediction-only seed=0 epoch=6 loss=0.00000
prediction-only seed=0 epoch=7 loss=0.00000
prediction-only seed=0 epoch=8 loss=0.00000
prediction-only seed=0 epoch=9 loss=0.00000
prediction-only seed=0 epoch=10 loss=0.00000
prediction-only seed=0 epoch=11 loss=0.00000
prediction-only seed=0 epoch=12 loss=0.00000
prediction-only seed=0 epoch=13 loss=0.00000
prediction-only seed=0 epoch=14 loss=0.00000
prediction-only seed=0 epoch=15 loss=0.00000
prediction-only seed=0 epoch=16 loss=0.00000
prediction-only seed=0 epoch=17 loss=0.00000
prediction-only seed=0 epoch=18 loss=0.00000
prediction-only seed=0 epoch=19 loss=0.00000
prediction-only seed=0 epoch=20 loss=0.00000
prediction-only seed=0 epoch=21 loss=0.00000
prediction-only seed=0 epoch=22 loss=0.00000
prediction-only seed=0 epoch=23 loss=0.00000
prediction-only seed=0 epoch=24 loss=0.00000
prediction-only seed=0 epoch=25 loss=0.00000
prediction-only seed=0 epoch=26 loss=0.00000
prediction-only seed=0 epoch=27 loss=0.00000
prediction-only seed=0 epoch=28 loss=0.00000
prediction-only seed=0 epoch=29 loss=0.00000
prediction-only seed=0 epoch=30 loss=0.00000
prediction-only seed=0 epoch=31 loss=0.00000
prediction-only seed=0 epoch=32 loss=0.00000
{"collapsed_coordinate_fraction": 1.0, "covariance_identity_rmse": 0.12499999979676184, "effective_rank": 54.8436678159058, "linear_probe_accuracy": 0.065, "mean_coordinate_std": 4.024258822601802e-05, "min_coordinate_std": 3.6354807053968405e-05, "seed": 0, "train_seconds": 25.139920972287655, "variant": "prediction-only"}
prediction-only seed=1 epoch=1 loss=0.00002
prediction-only seed=1 epoch=2 loss=0.00000
prediction-only seed=1 epoch=3 loss=0.00000
prediction-only seed=1 epoch=4 loss=0.00000
prediction-only seed=1 epoch=5 loss=0.00000
prediction-only seed=1 epoch=6 loss=0.00000
prediction-only seed=1 epoch=7 loss=0.00000
prediction-only seed=1 epoch=8 loss=0.00000
prediction-only seed=1 epoch=9 loss=0.00000
prediction-only seed=1 epoch=10 loss=0.00000
prediction-only seed=1 epoch=11 loss=0.00000
prediction-only seed=1 epoch=12 loss=0.00000
prediction-only seed=1 epoch=13 loss=0.00000
prediction-only seed=1 epoch=14 loss=0.00000
prediction-only seed=1 epoch=15 loss=0.00000
prediction-only seed=1 epoch=16 loss=0.00000
prediction-only seed=1 epoch=17 loss=0.00000
prediction-only seed=1 epoch=18 loss=0.00000
prediction-only seed=1 epoch=19 loss=0.00000
prediction-only seed=1 epoch=20 loss=0.00000
prediction-only seed=1 epoch=21 loss=0.00000
prediction-only seed=1 epoch=22 loss=0.00000
prediction-only seed=1 epoch=23 loss=0.00000
prediction-only seed=1 epoch=24 loss=0.00000
prediction-only seed=1 epoch=25 loss=0.00000
prediction-only seed=1 epoch=26 loss=0.00000
prediction-only seed=1 epoch=27 loss=0.00000
prediction-only seed=1 epoch=28 loss=0.00000
prediction-only seed=1 epoch=29 loss=0.00000
prediction-only seed=1 epoch=30 loss=0.00000
prediction-only seed=1 epoch=31 loss=0.00000
prediction-only seed=1 epoch=32 loss=0.00000
{"collapsed_coordinate_fraction": 1.0, "covariance_identity_rmse": 0.1249999998313006, "effective_rank": 49.8616804773259, "linear_probe_accuracy": 0.063, "mean_coordinate_std": 3.659157808348794e-05, "min_coordinate_std": 3.208327415783074e-05, "seed": 1, "train_seconds": 25.50488955155015, "variant": "prediction-only"}
prediction-only seed=2 epoch=1 loss=0.00004
prediction-only seed=2 epoch=2 loss=0.00000
prediction-only seed=2 epoch=3 loss=0.00000
prediction-only seed=2 epoch=4 loss=0.00000
prediction-only seed=2 epoch=5 loss=0.00000
prediction-only seed=2 epoch=6 loss=0.00000
prediction-only seed=2 epoch=7 loss=0.00000
prediction-only seed=2 epoch=8 loss=0.00000
prediction-only seed=2 epoch=9 loss=0.00000
prediction-only seed=2 epoch=10 loss=0.00000
prediction-only seed=2 epoch=11 loss=0.00000
prediction-only seed=2 epoch=12 loss=0.00000
prediction-only seed=2 epoch=13 loss=0.00000
prediction-only seed=2 epoch=14 loss=0.00000
prediction-only seed=2 epoch=15 loss=0.00000
prediction-only seed=2 epoch=16 loss=0.00000
prediction-only seed=2 epoch=17 loss=0.00000
prediction-only seed=2 epoch=18 loss=0.00000
prediction-only seed=2 epoch=19 loss=0.00000
prediction-only seed=2 epoch=20 loss=0.00000
prediction-only seed=2 epoch=21 loss=0.00000
prediction-only seed=2 epoch=22 loss=0.00000
prediction-only seed=2 epoch=23 loss=0.00000
prediction-only seed=2 epoch=24 loss=0.00000
prediction-only seed=2 epoch=25 loss=0.00000
prediction-only seed=2 epoch=26 loss=0.00000
prediction-only seed=2 epoch=27 loss=0.00000
prediction-only seed=2 epoch=28 loss=0.00000
prediction-only seed=2 epoch=29 loss=0.00000
prediction-only seed=2 epoch=30 loss=0.00000
prediction-only seed=2 epoch=31 loss=0.00000
prediction-only seed=2 epoch=32 loss=0.00000
{"collapsed_coordinate_fraction": 1.0, "covariance_identity_rmse": 0.12499999978635203, "effective_rank": 54.22718962066449, "linear_probe_accuracy": 0.068, "mean_coordinate_std": 4.127485864937369e-05, "min_coordinate_std": 3.607412546641084e-05, "seed": 2, "train_seconds": 25.11831831280142, "variant": "prediction-only"}
variance seed=0 epoch=1 loss=0.55155
variance seed=0 epoch=2 loss=0.06312
variance seed=0 epoch=3 loss=0.06527
variance seed=0 epoch=4 loss=0.04065
variance seed=0 epoch=5 loss=0.04106
variance seed=0 epoch=6 loss=0.04690
variance seed=0 epoch=7 loss=0.03903
variance seed=0 epoch=8 loss=0.04178
variance seed=0 epoch=9 loss=0.04378
variance seed=0 epoch=10 loss=0.04291
variance seed=0 epoch=11 loss=0.05921
variance seed=0 epoch=12 loss=0.04253
variance seed=0 epoch=13 loss=0.03599
variance seed=0 epoch=14 loss=0.03707
variance seed=0 epoch=15 loss=0.04019
variance seed=0 epoch=16 loss=0.03579
variance seed=0 epoch=17 loss=0.04124
variance seed=0 epoch=18 loss=0.03017
variance seed=0 epoch=19 loss=0.11688
variance seed=0 epoch=20 loss=0.04746
variance seed=0 epoch=21 loss=0.03692
variance seed=0 epoch=22 loss=0.03423
variance seed=0 epoch=23 loss=0.05862
variance seed=0 epoch=24 loss=0.03028
variance seed=0 epoch=25 loss=0.04283
variance seed=0 epoch=26 loss=0.03227
variance seed=0 epoch=27 loss=0.02835
variance seed=0 epoch=28 loss=0.02831
variance seed=0 epoch=29 loss=0.02897
variance seed=0 epoch=30 loss=0.03348
variance seed=0 epoch=31 loss=0.06550
variance seed=0 epoch=32 loss=0.04152
{"collapsed_coordinate_fraction": 0.0, "covariance_identity_rmse": 2.117528073828786, "effective_rank": 1.0025469120405643, "linear_probe_accuracy": 0.0574, "mean_coordinate_std": 1.4553976659328427, "min_coordinate_std": 1.29388870098376, "seed": 0, "train_seconds": 40.28233863506466, "variant": "variance"}
variance seed=1 epoch=1 loss=0.53810
variance seed=1 epoch=2 loss=0.06838
variance seed=1 epoch=3 loss=0.05646
variance seed=1 epoch=4 loss=0.06764
variance seed=1 epoch=5 loss=0.05236
variance seed=1 epoch=6 loss=0.05083
variance seed=1 epoch=7 loss=0.05586
variance seed=1 epoch=8 loss=0.04458
variance seed=1 epoch=9 loss=0.03660
variance seed=1 epoch=10 loss=0.03722
variance seed=1 epoch=11 loss=0.04016
variance seed=1 epoch=12 loss=0.04983
variance seed=1 epoch=13 loss=0.04136
variance seed=1 epoch=14 loss=0.03706
variance seed=1 epoch=15 loss=0.03983
variance seed=1 epoch=16 loss=0.04760
variance seed=1 epoch=17 loss=0.11371
variance seed=1 epoch=18 loss=0.03785
variance seed=1 epoch=19 loss=0.03866
variance seed=1 epoch=20 loss=0.03082
variance seed=1 epoch=21 loss=0.03687
variance seed=1 epoch=22 loss=0.04227
variance seed=1 epoch=23 loss=0.04275
variance seed=1 epoch=24 loss=0.03628
variance seed=1 epoch=25 loss=0.04294
variance seed=1 epoch=26 loss=0.06497
variance seed=1 epoch=27 loss=0.03184
variance seed=1 epoch=28 loss=0.03332
variance seed=1 epoch=29 loss=0.03184
variance seed=1 epoch=30 loss=0.05104
variance seed=1 epoch=31 loss=0.05828
variance seed=1 epoch=32 loss=0.03043
{"collapsed_coordinate_fraction": 0.0, "covariance_identity_rmse": 1.6023655713014828, "effective_rank": 1.0016012902094036, "linear_probe_accuracy": 0.0629, "mean_coordinate_std": 1.2682391188738165, "min_coordinate_std": 1.158632568577648, "seed": 1, "train_seconds": 41.056366429664195, "variant": "variance"}
variance seed=2 epoch=1 loss=0.50594
variance seed=2 epoch=2 loss=0.07749
variance seed=2 epoch=3 loss=0.05500
variance seed=2 epoch=4 loss=0.04365
variance seed=2 epoch=5 loss=0.04065
variance seed=2 epoch=6 loss=0.05121
variance seed=2 epoch=7 loss=0.07947
variance seed=2 epoch=8 loss=0.05377
variance seed=2 epoch=9 loss=0.03979
variance seed=2 epoch=10 loss=0.05134
variance seed=2 epoch=11 loss=0.03573
variance seed=2 epoch=12 loss=0.04628
variance seed=2 epoch=13 loss=0.04400
variance seed=2 epoch=14 loss=0.03379
variance seed=2 epoch=15 loss=0.03823
variance seed=2 epoch=16 loss=0.07734
variance seed=2 epoch=17 loss=0.06198
variance seed=2 epoch=18 loss=0.08670
variance seed=2 epoch=19 loss=0.03472
variance seed=2 epoch=20 loss=0.04091
variance seed=2 epoch=21 loss=0.04098
variance seed=2 epoch=22 loss=0.03760
variance seed=2 epoch=23 loss=0.03412
variance seed=2 epoch=24 loss=0.03797
variance seed=2 epoch=25 loss=0.03639
variance seed=2 epoch=26 loss=0.03636
variance seed=2 epoch=27 loss=0.03259
variance seed=2 epoch=28 loss=0.03788
variance seed=2 epoch=29 loss=0.05129
variance seed=2 epoch=30 loss=0.02806
variance seed=2 epoch=31 loss=0.03123
variance seed=2 epoch=32 loss=0.02884
{"collapsed_coordinate_fraction": 0.0, "covariance_identity_rmse": 3.0920369621371906, "effective_rank": 1.0010185186014868, "linear_probe_accuracy": 0.0488, "mean_coordinate_std": 1.7571320766481013, "min_coordinate_std": 1.5705837487636332, "seed": 2, "train_seconds": 41.421222566626966, "variant": "variance"}
sigreg seed=0 epoch=1 loss=4.29297
sigreg seed=0 epoch=2 loss=2.28341
sigreg seed=0 epoch=3 loss=1.71068
sigreg seed=0 epoch=4 loss=1.62065
sigreg seed=0 epoch=5 loss=1.55124
sigreg seed=0 epoch=6 loss=1.34858
sigreg seed=0 epoch=7 loss=1.17572
sigreg seed=0 epoch=8 loss=1.09960
sigreg seed=0 epoch=9 loss=1.04212
sigreg seed=0 epoch=10 loss=0.98343
sigreg seed=0 epoch=11 loss=0.92490
sigreg seed=0 epoch=12 loss=0.87199
sigreg seed=0 epoch=13 loss=0.82709
sigreg seed=0 epoch=14 loss=0.79742
sigreg seed=0 epoch=15 loss=0.77289
sigreg seed=0 epoch=16 loss=0.74112
sigreg seed=0 epoch=17 loss=0.72635
sigreg seed=0 epoch=18 loss=0.69628
sigreg seed=0 epoch=19 loss=0.66892
sigreg seed=0 epoch=20 loss=0.65322
sigreg seed=0 epoch=21 loss=0.63699
sigreg seed=0 epoch=22 loss=0.64398
sigreg seed=0 epoch=23 loss=0.60643
sigreg seed=0 epoch=24 loss=0.59307
sigreg seed=0 epoch=25 loss=0.58529
sigreg seed=0 epoch=26 loss=0.58020
sigreg seed=0 epoch=27 loss=0.57021
sigreg seed=0 epoch=28 loss=0.56131
sigreg seed=0 epoch=29 loss=0.54231
sigreg seed=0 epoch=30 loss=0.52983
sigreg seed=0 epoch=31 loss=0.52898
sigreg seed=0 epoch=32 loss=0.52182
{"collapsed_coordinate_fraction": 0.0, "covariance_identity_rmse": 0.20257839136871497, "effective_rank": 21.754352030240028, "linear_probe_accuracy": 0.1257, "mean_coordinate_std": 1.028018764958765, "min_coordinate_std": 0.8233461172154414, "seed": 0, "train_seconds": 48.39172609336674, "variant": "sigreg"}
sigreg seed=1 epoch=1 loss=4.25929
sigreg seed=1 epoch=2 loss=2.22029
sigreg seed=1 epoch=3 loss=1.77929
sigreg seed=1 epoch=4 loss=1.54569
sigreg seed=1 epoch=5 loss=1.40007
sigreg seed=1 epoch=6 loss=1.29286
sigreg seed=1 epoch=7 loss=1.14193
sigreg seed=1 epoch=8 loss=1.06937
sigreg seed=1 epoch=9 loss=1.00560
sigreg seed=1 epoch=10 loss=0.98151
sigreg seed=1 epoch=11 loss=0.94106
sigreg seed=1 epoch=12 loss=0.90376
sigreg seed=1 epoch=13 loss=0.85280
sigreg seed=1 epoch=14 loss=0.80280
sigreg seed=1 epoch=15 loss=0.77497
sigreg seed=1 epoch=16 loss=0.74599
sigreg seed=1 epoch=17 loss=0.71953
sigreg seed=1 epoch=18 loss=0.70627
sigreg seed=1 epoch=19 loss=0.67705
sigreg seed=1 epoch=20 loss=0.65898
sigreg seed=1 epoch=21 loss=0.64401
sigreg seed=1 epoch=22 loss=0.61468
sigreg seed=1 epoch=23 loss=0.61134
sigreg seed=1 epoch=24 loss=0.59962
sigreg seed=1 epoch=25 loss=0.58985
sigreg seed=1 epoch=26 loss=0.57494
sigreg seed=1 epoch=27 loss=0.57217
sigreg seed=1 epoch=28 loss=0.56032
sigreg seed=1 epoch=29 loss=0.54145
sigreg seed=1 epoch=30 loss=0.53219
sigreg seed=1 epoch=31 loss=0.52888
sigreg seed=1 epoch=32 loss=0.51274
{"collapsed_coordinate_fraction": 0.0, "covariance_identity_rmse": 0.18493848297651513, "effective_rank": 23.144944849648233, "linear_probe_accuracy": 0.1235, "mean_coordinate_std": 1.0101861327017445, "min_coordinate_std": 0.7209928528082037, "seed": 1, "train_seconds": 43.91983002144843, "variant": "sigreg"}
sigreg seed=2 epoch=1 loss=4.05433
sigreg seed=2 epoch=2 loss=2.08217
sigreg seed=2 epoch=3 loss=1.71550
sigreg seed=2 epoch=4 loss=1.48698
sigreg seed=2 epoch=5 loss=1.40556
sigreg seed=2 epoch=6 loss=1.30440
sigreg seed=2 epoch=7 loss=1.21247
sigreg seed=2 epoch=8 loss=1.14606
sigreg seed=2 epoch=9 loss=1.08025
sigreg seed=2 epoch=10 loss=1.00052
sigreg seed=2 epoch=11 loss=0.93898
sigreg seed=2 epoch=12 loss=0.89716
sigreg seed=2 epoch=13 loss=0.85138
sigreg seed=2 epoch=14 loss=0.80443
sigreg seed=2 epoch=15 loss=0.77017
sigreg seed=2 epoch=16 loss=0.72704
sigreg seed=2 epoch=17 loss=0.70925
sigreg seed=2 epoch=18 loss=0.68149
sigreg seed=2 epoch=19 loss=0.66499
sigreg seed=2 epoch=20 loss=0.65594
sigreg seed=2 epoch=21 loss=0.63750
sigreg seed=2 epoch=22 loss=0.60918
sigreg seed=2 epoch=23 loss=0.60993
sigreg seed=2 epoch=24 loss=0.59934
sigreg seed=2 epoch=25 loss=0.57974
sigreg seed=2 epoch=26 loss=0.56215
sigreg seed=2 epoch=27 loss=0.55654
sigreg seed=2 epoch=28 loss=0.55143
sigreg seed=2 epoch=29 loss=0.54237
sigreg seed=2 epoch=30 loss=0.53344
sigreg seed=2 epoch=31 loss=0.52839
sigreg seed=2 epoch=32 loss=0.52001
{"collapsed_coordinate_fraction": 0.0, "covariance_identity_rmse": 0.19996168593722213, "effective_rank": 21.911234238131414, "linear_probe_accuracy": 0.1247, "mean_coordinate_std": 1.02471491705297, "min_coordinate_std": 0.7376177899111069, "seed": 2, "train_seconds": 43.31785433553159, "variant": "sigreg"}
WROTE results/runpod-cifar100-2026-09-25/results.json
