{"encoder_floor_active_fraction": 0.0, "encoder_floor_raw_mean": 0.0, "factor_floor_active_fraction": 0.0, "factor_floor_raw_mean": 0.0, "floor_weight": 0.1, "gram_rmse": 0.0, "gram_weight": 0.05, "seed": 0, "sigreg_weight": 0.0, "test_collapsed_coordinate_fraction": 1.0, "test_covariance_identity_rmse": 0.12499948685574512, "test_effective_rank": 1.6020319444727265, "test_mean_coordinate_std": 0.001717592542301715, "test_min_coordinate_std": 0.0004319851518282855, "test_probe_accuracy": 0.22011370620774431, "train_seconds": 7.953797467052937e-05, "trainable_parameters": 540928, "updates": 0, "validation_collapsed_coordinate_fraction": 1.0, "validation_covariance_identity_rmse": 0.12499960049046176, "validation_effective_rank": 1.778193323878527, "validation_mean_coordinate_std": 0.0015312978143000805, "validation_min_coordinate_std": 0.0004210865662377288, "validation_probe_accuracy": 0.20988252391909895, "variant": "random"}
{"encoder_floor_active_fraction": 0.0, "encoder_floor_raw_mean": 0.0, "factor_floor_active_fraction": 0.0, "factor_floor_raw_mean": 0.0, "floor_weight": 0.1, "gram_rmse": 0.0, "gram_weight": 0.05, "seed": 1, "sigreg_weight": 0.0, "test_collapsed_coordinate_fraction": 1.0, "test_covariance_identity_rmse": 0.12499935818316235, "test_effective_rank": 1.520799413684499, "test_mean_coordinate_std": 0.0019514596163401393, "test_min_coordinate_std": 0.0004827963685270486, "test_probe_accuracy": 0.21742470805162875, "train_seconds": 9.944790508598089e-05, "trainable_parameters": 540928, "updates": 0, "validation_collapsed_coordinate_fraction": 1.0, "validation_covariance_identity_rmse": 0.12499951523896309, "validation_effective_rank": 1.625400878104822, "validation_mean_coordinate_std": 0.0017045791154007412, "validation_min_coordinate_std": 0.00043428348210186493, "validation_probe_accuracy": 0.20794477413104032, "variant": "random"}
{"encoder_floor_active_fraction": 0.0, "encoder_floor_raw_mean": 0.0, "factor_floor_active_fraction": 0.0, "factor_floor_raw_mean": 0.0, "floor_weight": 0.1, "gram_rmse": 0.0, "gram_weight": 0.05, "seed": 2, "sigreg_weight": 0.0, "test_collapsed_coordinate_fraction": 1.0, "test_covariance_identity_rmse": 0.12499964655084078, "test_effective_rank": 1.6715638300201259, "test_mean_coordinate_std": 0.0013865569048164552, "test_min_coordinate_std": 0.0003185743736328434, "test_probe_accuracy": 0.2141979102642901, "train_seconds": 5.163892637938261e-05, "trainable_parameters": 540928, "updates": 0, "validation_collapsed_coordinate_fraction": 1.0, "validation_covariance_identity_rmse": 0.12499973020944267, "validation_effective_rank": 1.824822726985448, "validation_mean_coordinate_std": 0.001225025269513738, "validation_min_coordinate_std": 0.00030343392098612133, "validation_probe_accuracy": 0.20915586774857697, "variant": "random"}
original seed=0 epoch=1 loss=0.00024
original seed=0 epoch=2 loss=0.00027
original seed=0 epoch=3 loss=0.00076
original seed=0 epoch=4 loss=0.00127
original seed=0 epoch=5 loss=0.00162
original seed=0 epoch=6 loss=0.00194
original seed=0 epoch=7 loss=0.00215
original seed=0 epoch=8 loss=0.00231
original seed=0 epoch=9 loss=0.00241
original seed=0 epoch=10 loss=0.00244
original seed=0 epoch=11 loss=0.00247
original seed=0 epoch=12 loss=0.00253
original seed=0 epoch=13 loss=0.00258
original seed=0 epoch=14 loss=0.00259
original seed=0 epoch=15 loss=0.00262
original seed=0 epoch=16 loss=0.00267
{"encoder_floor_active_fraction": 0.007627952843904495, "encoder_floor_raw_mean": 3.075644599448424e-06, "factor_floor_active_fraction": 0.027805117890238762, "factor_floor_raw_mean": 0.00010989735892508179, "floor_weight": 0.1, "gram_rmse": 0.0005761658820465721, "gram_weight": 0.05, "seed": 0, "sigreg_weight": 0.0, "test_collapsed_coordinate_fraction": 0.25, "test_covariance_identity_rmse": 0.12255360809580755, "test_effective_rank": 4.3499361018248, "test_mean_coordinate_std": 0.1836471716675263, "test_min_coordinate_std": 0.054901667415910356, "test_probe_accuracy": 0.23202212661339888, "train_seconds": 40.19060598802753, "trainable_parameters": 540928, "updates": 4064, "validation_collapsed_coordinate_fraction": 0.34375, "validation_covariance_identity_rmse": 0.12232980826589514, "validation_effective_rank": 4.609182938600622, "validation_mean_coordinate_std": 0.1636305642686678, "validation_min_coordinate_std": 0.049828163426970835, "validation_probe_accuracy": 0.22175124137095797, "variant": "original"}
original seed=1 epoch=1 loss=0.00022
original seed=1 epoch=2 loss=0.00028
original seed=1 epoch=3 loss=0.00077
original seed=1 epoch=4 loss=0.00129
original seed=1 epoch=5 loss=0.00172
original seed=1 epoch=6 loss=0.00203
original seed=1 epoch=7 loss=0.00220
original seed=1 epoch=8 loss=0.00237
original seed=1 epoch=9 loss=0.00251
original seed=1 epoch=10 loss=0.00255
original seed=1 epoch=11 loss=0.00268
original seed=1 epoch=12 loss=0.00274
original seed=1 epoch=13 loss=0.00273
original seed=1 epoch=14 loss=0.00279
original seed=1 epoch=15 loss=0.00281
original seed=1 epoch=16 loss=0.00289
{"encoder_floor_active_fraction": 0.007627952843904495, "encoder_floor_raw_mean": 3.0609708119300194e-06, "factor_floor_active_fraction": 0.03248031437397003, "factor_floor_raw_mean": 9.660392970545217e-05, "floor_weight": 0.1, "gram_rmse": 0.000646260041812411, "gram_weight": 0.05, "seed": 1, "sigreg_weight": 0.0, "test_collapsed_coordinate_fraction": 0.21875, "test_covariance_identity_rmse": 0.1230821186272208, "test_effective_rank": 3.967055929805418, "test_mean_coordinate_std": 0.18912642359652743, "test_min_coordinate_std": 0.05887959618137316, "test_probe_accuracy": 0.226259987707437, "train_seconds": 41.74226767697837, "trainable_parameters": 540928, "updates": 4064, "validation_collapsed_coordinate_fraction": 0.296875, "validation_covariance_identity_rmse": 0.12243868298956052, "validation_effective_rank": 4.350035970229383, "validation_mean_coordinate_std": 0.16565300003936861, "validation_min_coordinate_std": 0.0532763710942471, "validation_probe_accuracy": 0.21678575753905777, "variant": "original"}
original seed=2 epoch=1 loss=0.00025
original seed=2 epoch=2 loss=0.00025
original seed=2 epoch=3 loss=0.00074
original seed=2 epoch=4 loss=0.00123
original seed=2 epoch=5 loss=0.00163
original seed=2 epoch=6 loss=0.00193
original seed=2 epoch=7 loss=0.00216
original seed=2 epoch=8 loss=0.00228
original seed=2 epoch=9 loss=0.00236
original seed=2 epoch=10 loss=0.00244
original seed=2 epoch=11 loss=0.00256
original seed=2 epoch=12 loss=0.00263
original seed=2 epoch=13 loss=0.00276
original seed=2 epoch=14 loss=0.00285
original seed=2 epoch=15 loss=0.00294
original seed=2 epoch=16 loss=0.00304
{"encoder_floor_active_fraction": 0.006397637538611889, "encoder_floor_raw_mean": 3.5659850254887715e-06, "factor_floor_active_fraction": 0.028051180765032768, "factor_floor_raw_mean": 0.00011376012116670609, "floor_weight": 0.1, "gram_rmse": 0.0006490374414988021, "gram_weight": 0.05, "seed": 2, "sigreg_weight": 0.0, "test_collapsed_coordinate_fraction": 0.21875, "test_covariance_identity_rmse": 0.12282740421208795, "test_effective_rank": 4.3556181237048, "test_mean_coordinate_std": 0.19203498087571647, "test_min_coordinate_std": 0.05610330981568027, "test_probe_accuracy": 0.22971727105101414, "train_seconds": 36.34511414193548, "trainable_parameters": 540928, "updates": 4064, "validation_collapsed_coordinate_fraction": 0.296875, "validation_covariance_identity_rmse": 0.12226577372613762, "validation_effective_rank": 4.7730525613202, "validation_mean_coordinate_std": 0.1663294784230742, "validation_min_coordinate_std": 0.05017820568332068, "validation_probe_accuracy": 0.22114569456218966, "variant": "original"}
plus seed=0 epoch=1 loss=0.00673
plus seed=0 epoch=2 loss=0.03346
plus seed=0 epoch=3 loss=0.06652
plus seed=0 epoch=4 loss=0.07378
plus seed=0 epoch=5 loss=0.07560
plus seed=0 epoch=6 loss=0.07790
plus seed=0 epoch=7 loss=0.08217
plus seed=0 epoch=8 loss=0.08588
plus seed=0 epoch=9 loss=0.08892
plus seed=0 epoch=10 loss=0.09197
plus seed=0 epoch=11 loss=0.09619
plus seed=0 epoch=12 loss=0.09841
plus seed=0 epoch=13 loss=0.10001
plus seed=0 epoch=14 loss=0.09927
plus seed=0 epoch=15 loss=0.09906
plus seed=0 epoch=16 loss=0.09779
{"encoder_floor_active_fraction": 0.0027066930197179317, "encoder_floor_raw_mean": 3.0506555503961863e-06, "factor_floor_active_fraction": 0.01796259917318821, "factor_floor_raw_mean": 6.758766539860517e-05, "floor_weight": 0.1, "gram_rmse": 0.013943135882671298, "gram_weight": 0.05, "seed": 0, "sigreg_weight": 0.0001, "test_collapsed_coordinate_fraction": 0.0, "test_covariance_identity_rmse": 0.616237043051081, "test_effective_rank": 7.168945246932817, "test_mean_coordinate_std": 1.1339026103715852, "test_min_coordinate_std": 0.419810313873163, "test_probe_accuracy": 0.22134296250768284, "train_seconds": 42.30553086404689, "trainable_parameters": 540928, "updates": 4064, "validation_collapsed_coordinate_fraction": 0.0, "validation_covariance_identity_rmse": 0.36472006826405184, "validation_effective_rank": 8.395266982858868, "validation_mean_coordinate_std": 0.9747046827476549, "validation_min_coordinate_std": 0.36838685873588534, "validation_probe_accuracy": 0.208429211578055, "variant": "plus"}
plus seed=1 epoch=1 loss=0.00704
plus seed=1 epoch=2 loss=0.03329
plus seed=1 epoch=3 loss=0.06549
plus seed=1 epoch=4 loss=0.07371
plus seed=1 epoch=5 loss=0.07618
plus seed=1 epoch=6 loss=0.07916
plus seed=1 epoch=7 loss=0.08405
plus seed=1 epoch=8 loss=0.09023
plus seed=1 epoch=9 loss=0.09453
plus seed=1 epoch=10 loss=0.09769
plus seed=1 epoch=11 loss=0.10121
plus seed=1 epoch=12 loss=0.10339
plus seed=1 epoch=13 loss=0.10498
plus seed=1 epoch=14 loss=0.10493
plus seed=1 epoch=15 loss=0.10472
plus seed=1 epoch=16 loss=0.10355
{"encoder_floor_active_fraction": 0.0036909449845552444, "encoder_floor_raw_mean": 3.02520288641972e-06, "factor_floor_active_fraction": 0.017716534435749054, "factor_floor_raw_mean": 6.326357834041119e-05, "floor_weight": 0.1, "gram_rmse": 0.013966294693735424, "gram_weight": 0.05, "seed": 1, "sigreg_weight": 0.0001, "test_collapsed_coordinate_fraction": 0.0, "test_covariance_identity_rmse": 0.5299015697365599, "test_effective_rank": 7.902093553376391, "test_mean_coordinate_std": 1.1034032126729065, "test_min_coordinate_std": 0.5325380160103973, "test_probe_accuracy": 0.22898740012292562, "train_seconds": 35.302320509101264, "trainable_parameters": 540928, "updates": 4064, "validation_collapsed_coordinate_fraction": 0.0, "validation_covariance_identity_rmse": 0.3566321924873163, "validation_effective_rank": 8.47704523932584, "validation_mean_coordinate_std": 0.949803409384731, "validation_min_coordinate_std": 0.453602222973107, "validation_probe_accuracy": 0.21739130434782608, "variant": "plus"}
plus seed=2 epoch=1 loss=0.00681
plus seed=2 epoch=2 loss=0.03436
plus seed=2 epoch=3 loss=0.06569
plus seed=2 epoch=4 loss=0.07329
plus seed=2 epoch=5 loss=0.07537
plus seed=2 epoch=6 loss=0.07768
plus seed=2 epoch=7 loss=0.08148
plus seed=2 epoch=8 loss=0.08474
plus seed=2 epoch=9 loss=0.08723
plus seed=2 epoch=10 loss=0.09022
plus seed=2 epoch=11 loss=0.09294
plus seed=2 epoch=12 loss=0.09460
plus seed=2 epoch=13 loss=0.09533
plus seed=2 epoch=14 loss=0.09426
plus seed=2 epoch=15 loss=0.09490
plus seed=2 epoch=16 loss=0.09539
{"encoder_floor_active_fraction": 0.0022145668044686317, "encoder_floor_raw_mean": 3.361958306413726e-06, "factor_floor_active_fraction": 0.017716534435749054, "factor_floor_raw_mean": 6.691385351587087e-05, "floor_weight": 0.1, "gram_rmse": 0.014598031316221614, "gram_weight": 0.05, "seed": 2, "sigreg_weight": 0.0001, "test_collapsed_coordinate_fraction": 0.0, "test_covariance_identity_rmse": 0.5612968335050059, "test_effective_rank": 7.4406829112378965, "test_mean_coordinate_std": 1.1111318862550745, "test_min_coordinate_std": 0.41275427595455816, "test_probe_accuracy": 0.21711739397664412, "train_seconds": 36.783291897038, "trainable_parameters": 540928, "updates": 4064, "validation_collapsed_coordinate_fraction": 0.0, "validation_covariance_identity_rmse": 0.3794161064199235, "validation_effective_rank": 7.910254597548231, "validation_mean_coordinate_std": 0.941709342786105, "validation_min_coordinate_std": 0.3298009449579661, "validation_probe_accuracy": 0.20661257115175002, "variant": "plus"}
replace seed=0 epoch=1 loss=0.00654
replace seed=0 epoch=2 loss=0.02714
replace seed=0 epoch=3 loss=0.06376
replace seed=0 epoch=4 loss=0.07278
replace seed=0 epoch=5 loss=0.07495
replace seed=0 epoch=6 loss=0.07712
replace seed=0 epoch=7 loss=0.08143
replace seed=0 epoch=8 loss=0.08570
replace seed=0 epoch=9 loss=0.09004
replace seed=0 epoch=10 loss=0.09382
replace seed=0 epoch=11 loss=0.09849
replace seed=0 epoch=12 loss=0.10101
replace seed=0 epoch=13 loss=0.10202
replace seed=0 epoch=14 loss=0.10055
replace seed=0 epoch=15 loss=0.10040
replace seed=0 epoch=16 loss=0.09927
{"encoder_floor_active_fraction": 0.015748031437397003, "encoder_floor_raw_mean": 5.0477283366490155e-05, "factor_floor_active_fraction": 0.05167322978377342, "factor_floor_raw_mean": 0.00018459782586432993, "floor_weight": 0.0, "gram_rmse": 0.013892600871971804, "gram_weight": 0.05, "seed": 0, "sigreg_weight": 0.0001, "test_collapsed_coordinate_fraction": 0.0, "test_covariance_identity_rmse": 0.5646990094244706, "test_effective_rank": 7.64870252637462, "test_mean_coordinate_std": 1.1240000011961917, "test_min_coordinate_std": 0.43918942413055057, "test_probe_accuracy": 0.23148432698217578, "train_seconds": 42.53438731993083, "trainable_parameters": 540928, "updates": 4064, "validation_collapsed_coordinate_fraction": 0.0, "validation_covariance_identity_rmse": 0.37854459863357165, "validation_effective_rank": 8.410036439569618, "validation_mean_coordinate_std": 0.9759126541108647, "validation_min_coordinate_std": 0.4055370122449074, "validation_probe_accuracy": 0.21981349158289937, "variant": "replace"}
replace seed=1 epoch=1 loss=0.00679
replace seed=1 epoch=2 loss=0.02636
replace seed=1 epoch=3 loss=0.06077
replace seed=1 epoch=4 loss=0.07237
replace seed=1 epoch=5 loss=0.07544
replace seed=1 epoch=6 loss=0.07924
replace seed=1 epoch=7 loss=0.08548
replace seed=1 epoch=8 loss=0.09232
replace seed=1 epoch=9 loss=0.09667
replace seed=1 epoch=10 loss=0.09989
replace seed=1 epoch=11 loss=0.10226
replace seed=1 epoch=12 loss=0.10315
replace seed=1 epoch=13 loss=0.10313
replace seed=1 epoch=14 loss=0.10389
replace seed=1 epoch=15 loss=0.10416
replace seed=1 epoch=16 loss=0.10292
{"encoder_floor_active_fraction": 0.01599409431219101, "encoder_floor_raw_mean": 4.257205000612885e-05, "factor_floor_active_fraction": 0.0585629902780056, "factor_floor_raw_mean": 0.00016191705071832985, "floor_weight": 0.0, "gram_rmse": 0.015128928946580406, "gram_weight": 0.05, "seed": 1, "sigreg_weight": 0.0001, "test_collapsed_coordinate_fraction": 0.0, "test_covariance_identity_rmse": 0.5444871286832593, "test_effective_rank": 7.8827346611010025, "test_mean_coordinate_std": 1.0785209827154771, "test_min_coordinate_std": 0.38400159502298553, "test_probe_accuracy": 0.21746312231100184, "train_seconds": 37.45756282703951, "trainable_parameters": 540928, "updates": 4064, "validation_collapsed_coordinate_fraction": 0.0, "validation_covariance_identity_rmse": 0.34369023422009426, "validation_effective_rank": 8.664795314595178, "validation_mean_coordinate_std": 0.9254183089913689, "validation_min_coordinate_std": 0.38979604770699083, "validation_probe_accuracy": 0.207702555407533, "variant": "replace"}
replace seed=2 epoch=1 loss=0.00650
replace seed=2 epoch=2 loss=0.02283
replace seed=2 epoch=3 loss=0.06074
replace seed=2 epoch=4 loss=0.07125
replace seed=2 epoch=5 loss=0.07395
replace seed=2 epoch=6 loss=0.07589
replace seed=2 epoch=7 loss=0.07912
replace seed=2 epoch=8 loss=0.08206
replace seed=2 epoch=9 loss=0.08468
replace seed=2 epoch=10 loss=0.08765
replace seed=2 epoch=11 loss=0.09029
replace seed=2 epoch=12 loss=0.09216
replace seed=2 epoch=13 loss=0.09288
replace seed=2 epoch=14 loss=0.09122
replace seed=2 epoch=15 loss=0.09095
replace seed=2 epoch=16 loss=0.09105
{"encoder_floor_active_fraction": 0.015501968562602997, "encoder_floor_raw_mean": 5.339156268746592e-05, "factor_floor_active_fraction": 0.05930118262767792, "factor_floor_raw_mean": 0.0001981700916076079, "floor_weight": 0.0, "gram_rmse": 0.014085950843238831, "gram_weight": 0.05, "seed": 2, "sigreg_weight": 0.0001, "test_collapsed_coordinate_fraction": 0.0, "test_covariance_identity_rmse": 0.5471726206990689, "test_effective_rank": 7.4229613830868715, "test_mean_coordinate_std": 1.079197869718719, "test_min_coordinate_std": 0.4439363005373926, "test_probe_accuracy": 0.220920405654579, "train_seconds": 37.84767300798558, "trainable_parameters": 540928, "updates": 4064, "validation_collapsed_coordinate_fraction": 0.0, "validation_covariance_identity_rmse": 0.36270379164321387, "validation_effective_rank": 8.012253912025812, "validation_mean_coordinate_std": 0.9244402687023059, "validation_min_coordinate_std": 0.4142507506541079, "validation_probe_accuracy": 0.2130313673246942, "variant": "replace"}
WROTE /workspace/opf-svhn-transfer-2026-09-26/results.json
