variance seed=0 epoch=1 loss=0.57339
variance seed=0 epoch=2 loss=0.06760
variance seed=0 epoch=3 loss=0.08263
variance seed=0 epoch=4 loss=0.06905
variance seed=0 epoch=5 loss=0.04362
variance seed=0 epoch=6 loss=0.05705
variance seed=0 epoch=7 loss=0.05999
variance seed=0 epoch=8 loss=0.04109
variance seed=0 epoch=9 loss=0.04555
variance seed=0 epoch=10 loss=0.06820
variance seed=0 epoch=11 loss=0.03938
variance seed=0 epoch=12 loss=0.03403
variance seed=0 epoch=13 loss=0.04223
variance seed=0 epoch=14 loss=0.05090
variance seed=0 epoch=15 loss=0.04479
variance seed=0 epoch=16 loss=0.03562
variance seed=0 epoch=17 loss=0.04610
variance seed=0 epoch=18 loss=0.03732
variance seed=0 epoch=19 loss=0.03345
variance seed=0 epoch=20 loss=0.03197
variance seed=0 epoch=21 loss=0.03360
variance seed=0 epoch=22 loss=0.03655
variance seed=0 epoch=23 loss=0.03605
variance seed=0 epoch=24 loss=0.06323
variance seed=0 epoch=25 loss=0.04373
variance seed=0 epoch=26 loss=0.04539
variance seed=0 epoch=27 loss=0.03502
variance seed=0 epoch=28 loss=0.03274
variance seed=0 epoch=29 loss=0.02919
variance seed=0 epoch=30 loss=0.04022
variance seed=0 epoch=31 loss=0.05813
variance seed=0 epoch=32 loss=0.06457
{"collapsed_coordinate_fraction": 0.0, "covariance_identity_rmse": 2.175896997402723, "effective_rank": 1.0012264974509142, "linear_probe_accuracy": 0.2562, "mean_coordinate_std": 1.4773445227861008, "min_coordinate_std": 1.3361372332339072, "seed": 0, "train_seconds": 42.85654421709478, "variant": "variance"}
variance seed=1 epoch=1 loss=0.54112
variance seed=1 epoch=2 loss=0.07217
variance seed=1 epoch=3 loss=0.06212
variance seed=1 epoch=4 loss=0.05854
variance seed=1 epoch=5 loss=0.04848
variance seed=1 epoch=6 loss=0.08740
variance seed=1 epoch=7 loss=0.04491
variance seed=1 epoch=8 loss=0.05103
variance seed=1 epoch=9 loss=0.05047
variance seed=1 epoch=10 loss=0.04208
variance seed=1 epoch=11 loss=0.04496
variance seed=1 epoch=12 loss=0.04678
variance seed=1 epoch=13 loss=0.04220
variance seed=1 epoch=14 loss=0.04518
variance seed=1 epoch=15 loss=0.06364
variance seed=1 epoch=16 loss=0.05341
variance seed=1 epoch=17 loss=0.03671
variance seed=1 epoch=18 loss=0.03325
variance seed=1 epoch=19 loss=0.03890
variance seed=1 epoch=20 loss=0.03747
variance seed=1 epoch=21 loss=0.04356
variance seed=1 epoch=22 loss=0.11469
variance seed=1 epoch=23 loss=0.03311
variance seed=1 epoch=24 loss=0.03867
variance seed=1 epoch=25 loss=0.03164
variance seed=1 epoch=26 loss=0.03249
variance seed=1 epoch=27 loss=0.03893
variance seed=1 epoch=28 loss=0.03609
variance seed=1 epoch=29 loss=0.04242
variance seed=1 epoch=30 loss=0.03791
variance seed=1 epoch=31 loss=0.03385
variance seed=1 epoch=32 loss=0.06257
{"collapsed_coordinate_fraction": 0.0, "covariance_identity_rmse": 1.3309899735666377, "effective_rank": 1.0033730618241172, "linear_probe_accuracy": 0.2668, "mean_coordinate_std": 1.156063283560236, "min_coordinate_std": 1.0366962387520475, "seed": 1, "train_seconds": 42.45687420852482, "variant": "variance"}
variance seed=2 epoch=1 loss=0.52513
variance seed=2 epoch=2 loss=0.06297
variance seed=2 epoch=3 loss=0.05892
variance seed=2 epoch=4 loss=0.05517
variance seed=2 epoch=5 loss=0.11058
variance seed=2 epoch=6 loss=0.04447
variance seed=2 epoch=7 loss=0.04488
variance seed=2 epoch=8 loss=0.06607
variance seed=2 epoch=9 loss=0.04888
variance seed=2 epoch=10 loss=0.04279
variance seed=2 epoch=11 loss=0.03457
variance seed=2 epoch=12 loss=0.03784
variance seed=2 epoch=13 loss=0.04243
variance seed=2 epoch=14 loss=0.11590
variance seed=2 epoch=15 loss=0.03597
variance seed=2 epoch=16 loss=0.03468
variance seed=2 epoch=17 loss=0.04283
variance seed=2 epoch=18 loss=0.04028
variance seed=2 epoch=19 loss=0.04061
variance seed=2 epoch=20 loss=0.04217
variance seed=2 epoch=21 loss=0.03842
variance seed=2 epoch=22 loss=0.03140
variance seed=2 epoch=23 loss=0.03278
variance seed=2 epoch=24 loss=0.03233
variance seed=2 epoch=25 loss=0.05988
variance seed=2 epoch=26 loss=0.10298
variance seed=2 epoch=27 loss=0.04014
variance seed=2 epoch=28 loss=0.03590
variance seed=2 epoch=29 loss=0.04100
variance seed=2 epoch=30 loss=0.03966
variance seed=2 epoch=31 loss=0.02982
variance seed=2 epoch=32 loss=0.03288
{"collapsed_coordinate_fraction": 0.0, "covariance_identity_rmse": 1.2717359144030747, "effective_rank": 1.0015146672009303, "linear_probe_accuracy": 0.2384, "mean_coordinate_std": 1.1301531351264782, "min_coordinate_std": 1.0577807645654225, "seed": 2, "train_seconds": 40.842948177829385, "variant": "variance"}
sigreg seed=0 epoch=1 loss=0.51642
sigreg seed=0 epoch=2 loss=0.34047
sigreg seed=0 epoch=3 loss=0.29432
sigreg seed=0 epoch=4 loss=0.26312
sigreg seed=0 epoch=5 loss=0.23387
sigreg seed=0 epoch=6 loss=0.21088
sigreg seed=0 epoch=7 loss=0.19702
sigreg seed=0 epoch=8 loss=0.19014
sigreg seed=0 epoch=9 loss=0.18725
sigreg seed=0 epoch=10 loss=0.18267
sigreg seed=0 epoch=11 loss=0.17894
sigreg seed=0 epoch=12 loss=0.17107
sigreg seed=0 epoch=13 loss=0.16720
sigreg seed=0 epoch=14 loss=0.16654
sigreg seed=0 epoch=15 loss=0.15888
sigreg seed=0 epoch=16 loss=0.15552
sigreg seed=0 epoch=17 loss=0.15315
sigreg seed=0 epoch=18 loss=0.14832
sigreg seed=0 epoch=19 loss=0.14613
sigreg seed=0 epoch=20 loss=0.14491
sigreg seed=0 epoch=21 loss=0.14296
sigreg seed=0 epoch=22 loss=0.14011
sigreg seed=0 epoch=23 loss=0.13871
sigreg seed=0 epoch=24 loss=0.13855
sigreg seed=0 epoch=25 loss=0.13795
sigreg seed=0 epoch=26 loss=0.13680
sigreg seed=0 epoch=27 loss=0.13525
sigreg seed=0 epoch=28 loss=0.13483
sigreg seed=0 epoch=29 loss=0.13121
sigreg seed=0 epoch=30 loss=0.13120
sigreg seed=0 epoch=31 loss=0.12975
sigreg seed=0 epoch=32 loss=0.13008
{"collapsed_coordinate_fraction": 0.0, "covariance_identity_rmse": 0.33619508265457965, "effective_rank": 9.755706990984617, "linear_probe_accuracy": 0.3566, "mean_coordinate_std": 1.0178600317569622, "min_coordinate_std": 0.4230649165508783, "seed": 0, "train_seconds": 47.52854343689978, "variant": "sigreg"}
sigreg seed=1 epoch=1 loss=0.51232
sigreg seed=1 epoch=2 loss=0.33780
sigreg seed=1 epoch=3 loss=0.29156
sigreg seed=1 epoch=4 loss=0.24968
sigreg seed=1 epoch=5 loss=0.22306
sigreg seed=1 epoch=6 loss=0.21226
sigreg seed=1 epoch=7 loss=0.19665
sigreg seed=1 epoch=8 loss=0.18991
sigreg seed=1 epoch=9 loss=0.18626
sigreg seed=1 epoch=10 loss=0.17816
sigreg seed=1 epoch=11 loss=0.17021
sigreg seed=1 epoch=12 loss=0.16488
sigreg seed=1 epoch=13 loss=0.16262
sigreg seed=1 epoch=14 loss=0.15824
sigreg seed=1 epoch=15 loss=0.15681
sigreg seed=1 epoch=16 loss=0.15539
sigreg seed=1 epoch=17 loss=0.15458
sigreg seed=1 epoch=18 loss=0.15123
sigreg seed=1 epoch=19 loss=0.15098
sigreg seed=1 epoch=20 loss=0.14633
sigreg seed=1 epoch=21 loss=0.14658
sigreg seed=1 epoch=22 loss=0.14245
sigreg seed=1 epoch=23 loss=0.14078
sigreg seed=1 epoch=24 loss=0.14048
sigreg seed=1 epoch=25 loss=0.13800
sigreg seed=1 epoch=26 loss=0.13617
sigreg seed=1 epoch=27 loss=0.13594
sigreg seed=1 epoch=28 loss=0.13428
sigreg seed=1 epoch=29 loss=0.13228
sigreg seed=1 epoch=30 loss=0.13077
sigreg seed=1 epoch=31 loss=0.12781
sigreg seed=1 epoch=32 loss=0.12590
{"collapsed_coordinate_fraction": 0.0, "covariance_identity_rmse": 0.3126557466374797, "effective_rank": 10.313177637680674, "linear_probe_accuracy": 0.3464, "mean_coordinate_std": 1.0070504873680475, "min_coordinate_std": 0.5871766128399044, "seed": 1, "train_seconds": 47.26584294438362, "variant": "sigreg"}
sigreg seed=2 epoch=1 loss=0.51362
sigreg seed=2 epoch=2 loss=0.33506
sigreg seed=2 epoch=3 loss=0.28483
sigreg seed=2 epoch=4 loss=0.25421
sigreg seed=2 epoch=5 loss=0.23986
sigreg seed=2 epoch=6 loss=0.21581
sigreg seed=2 epoch=7 loss=0.19642
sigreg seed=2 epoch=8 loss=0.19089
sigreg seed=2 epoch=9 loss=0.18753
sigreg seed=2 epoch=10 loss=0.18114
sigreg seed=2 epoch=11 loss=0.17490
sigreg seed=2 epoch=12 loss=0.17007
sigreg seed=2 epoch=13 loss=0.16364
sigreg seed=2 epoch=14 loss=0.15991
sigreg seed=2 epoch=15 loss=0.15630
sigreg seed=2 epoch=16 loss=0.15336
sigreg seed=2 epoch=17 loss=0.15397
sigreg seed=2 epoch=18 loss=0.14883
sigreg seed=2 epoch=19 loss=0.14763
sigreg seed=2 epoch=20 loss=0.14412
sigreg seed=2 epoch=21 loss=0.14151
sigreg seed=2 epoch=22 loss=0.13956
sigreg seed=2 epoch=23 loss=0.13729
sigreg seed=2 epoch=24 loss=0.13798
sigreg seed=2 epoch=25 loss=0.13505
sigreg seed=2 epoch=26 loss=0.13227
sigreg seed=2 epoch=27 loss=0.13152
sigreg seed=2 epoch=28 loss=0.12908
sigreg seed=2 epoch=29 loss=0.12891
sigreg seed=2 epoch=30 loss=0.12769
sigreg seed=2 epoch=31 loss=0.12585
sigreg seed=2 epoch=32 loss=0.12498
{"collapsed_coordinate_fraction": 0.0, "covariance_identity_rmse": 0.3208440865231049, "effective_rank": 10.357594468562674, "linear_probe_accuracy": 0.3588, "mean_coordinate_std": 1.0215070116209979, "min_coordinate_std": 0.640688324564137, "seed": 2, "train_seconds": 47.51619048975408, "variant": "sigreg"}
WROTE results/runpod-cifar10-2026-09-25/long-32epochs/results.json
