{"encoder_floor_active_fraction": 0.0, "encoder_floor_raw_mean": 0.0, "factor_floor_active_fraction": 0.0, "factor_floor_raw_mean": 0.0, "floor_weight": 0.1, "gram_rmse": 0.0, "gram_weight": 0.05, "seed": 0, "sigreg_weight": 0.0, "test_collapsed_coordinate_fraction": 1.0, "test_covariance_identity_rmse": 0.12499955426172639, "test_effective_rank": 2.867428524665312, "test_mean_coordinate_std": 0.0016878994716653661, "test_min_coordinate_std": 0.0005680566852658533, "test_probe_accuracy": 0.1151, "train_seconds": 8.981896098703146e-05, "trainable_parameters": 540928, "updates": 0, "validation_probe_accuracy": 0.1114, "variant": "random"}
{"encoder_floor_active_fraction": 0.0, "encoder_floor_raw_mean": 0.0, "factor_floor_active_fraction": 0.0, "factor_floor_raw_mean": 0.0, "floor_weight": 0.1, "gram_rmse": 0.0, "gram_weight": 0.05, "seed": 1, "sigreg_weight": 0.0, "test_collapsed_coordinate_fraction": 1.0, "test_covariance_identity_rmse": 0.12499946261077037, "test_effective_rank": 2.8198006208781266, "test_mean_coordinate_std": 0.0018887163274423522, "test_min_coordinate_std": 0.0006715204057763129, "test_probe_accuracy": 0.1141, "train_seconds": 5.9589045122265816e-05, "trainable_parameters": 540928, "updates": 0, "validation_probe_accuracy": 0.1082, "variant": "random"}
{"encoder_floor_active_fraction": 0.0, "encoder_floor_raw_mean": 0.0, "factor_floor_active_fraction": 0.0, "factor_floor_raw_mean": 0.0, "floor_weight": 0.1, "gram_rmse": 0.0, "gram_weight": 0.05, "seed": 2, "sigreg_weight": 0.0, "test_collapsed_coordinate_fraction": 1.0, "test_covariance_identity_rmse": 0.124999679210677, "test_effective_rank": 3.236581874571909, "test_mean_coordinate_std": 0.001399341498561734, "test_min_coordinate_std": 0.0004428677065394026, "test_probe_accuracy": 0.1191, "train_seconds": 5.884794518351555e-05, "trainable_parameters": 540928, "updates": 0, "validation_probe_accuracy": 0.1084, "variant": "random"}
original seed=0 epoch=1 loss=0.00035
original seed=0 epoch=2 loss=0.00007
original seed=0 epoch=3 loss=0.00025
original seed=0 epoch=4 loss=0.00054
original seed=0 epoch=5 loss=0.00087
original seed=0 epoch=6 loss=0.00117
original seed=0 epoch=7 loss=0.00139
original seed=0 epoch=8 loss=0.00158
original seed=0 epoch=9 loss=0.00177
original seed=0 epoch=10 loss=0.00189
original seed=0 epoch=11 loss=0.00203
original seed=0 epoch=12 loss=0.00219
original seed=0 epoch=13 loss=0.00231
original seed=0 epoch=14 loss=0.00243
original seed=0 epoch=15 loss=0.00260
original seed=0 epoch=16 loss=0.00274
{"encoder_floor_active_fraction": 0.007102272938936949, "encoder_floor_raw_mean": 4.46153171651531e-06, "factor_floor_active_fraction": 0.05149148032069206, "factor_floor_raw_mean": 0.00017866965208668262, "floor_weight": 0.1, "gram_rmse": 0.0004405111420831757, "gram_weight": 0.05, "seed": 0, "sigreg_weight": 0.0, "test_collapsed_coordinate_fraction": 0.125, "test_covariance_identity_rmse": 0.12121933291504423, "test_effective_rank": 7.357660720476058, "test_mean_coordinate_std": 0.1795619648703006, "test_min_coordinate_std": 0.055818638138006096, "test_probe_accuracy": 0.1545, "train_seconds": 37.2428581219865, "trainable_parameters": 540928, "updates": 2816, "validation_probe_accuracy": 0.1466, "variant": "original"}
original seed=1 epoch=1 loss=0.00031
original seed=1 epoch=2 loss=0.00008
original seed=1 epoch=3 loss=0.00024
original seed=1 epoch=4 loss=0.00048
original seed=1 epoch=5 loss=0.00076
original seed=1 epoch=6 loss=0.00104
original seed=1 epoch=7 loss=0.00128
original seed=1 epoch=8 loss=0.00143
original seed=1 epoch=9 loss=0.00158
original seed=1 epoch=10 loss=0.00176
original seed=1 epoch=11 loss=0.00187
original seed=1 epoch=12 loss=0.00199
original seed=1 epoch=13 loss=0.00208
original seed=1 epoch=14 loss=0.00224
original seed=1 epoch=15 loss=0.00235
original seed=1 epoch=16 loss=0.00253
{"encoder_floor_active_fraction": 0.0067471591755747795, "encoder_floor_raw_mean": 4.096352768101497e-06, "factor_floor_active_fraction": 0.04545454680919647, "factor_floor_raw_mean": 0.00015090301167219877, "floor_weight": 0.1, "gram_rmse": 0.0005304939646870087, "gram_weight": 0.05, "seed": 1, "sigreg_weight": 0.0, "test_collapsed_coordinate_fraction": 0.109375, "test_covariance_identity_rmse": 0.12125397679519902, "test_effective_rank": 6.936945032203676, "test_mean_coordinate_std": 0.18442284918922505, "test_min_coordinate_std": 0.06762303160285603, "test_probe_accuracy": 0.1576, "train_seconds": 37.778317864984274, "trainable_parameters": 540928, "updates": 2816, "validation_probe_accuracy": 0.1512, "variant": "original"}
original seed=2 epoch=1 loss=0.00037
original seed=2 epoch=2 loss=0.00007
original seed=2 epoch=3 loss=0.00022
original seed=2 epoch=4 loss=0.00046
original seed=2 epoch=5 loss=0.00073
original seed=2 epoch=6 loss=0.00097
original seed=2 epoch=7 loss=0.00115
original seed=2 epoch=8 loss=0.00136
original seed=2 epoch=9 loss=0.00156
original seed=2 epoch=10 loss=0.00173
original seed=2 epoch=11 loss=0.00185
original seed=2 epoch=12 loss=0.00198
original seed=2 epoch=13 loss=0.00212
original seed=2 epoch=14 loss=0.00221
original seed=2 epoch=15 loss=0.00238
original seed=2 epoch=16 loss=0.00251
{"encoder_floor_active_fraction": 0.007457386702299118, "encoder_floor_raw_mean": 4.465648089535534e-06, "factor_floor_active_fraction": 0.05504261702299118, "factor_floor_raw_mean": 0.00018898965208791196, "floor_weight": 0.1, "gram_rmse": 0.0006277523655344494, "gram_weight": 0.05, "seed": 2, "sigreg_weight": 0.0, "test_collapsed_coordinate_fraction": 0.1875, "test_covariance_identity_rmse": 0.12129307462742427, "test_effective_rank": 6.740790654607994, "test_mean_coordinate_std": 0.18238488256869084, "test_min_coordinate_std": 0.07693312236795945, "test_probe_accuracy": 0.1541, "train_seconds": 38.884754462051205, "trainable_parameters": 540928, "updates": 2816, "validation_probe_accuracy": 0.1444, "variant": "original"}
plus seed=0 epoch=1 loss=2.10984
plus seed=0 epoch=2 loss=1.28264
plus seed=0 epoch=3 loss=1.13428
plus seed=0 epoch=4 loss=0.87493
plus seed=0 epoch=5 loss=0.79959
plus seed=0 epoch=6 loss=0.74855
plus seed=0 epoch=7 loss=0.68884
plus seed=0 epoch=8 loss=0.65540
plus seed=0 epoch=9 loss=0.63707
plus seed=0 epoch=10 loss=0.60720
plus seed=0 epoch=11 loss=0.59128
plus seed=0 epoch=12 loss=0.57596
plus seed=0 epoch=13 loss=0.56078
plus seed=0 epoch=14 loss=0.55906
plus seed=0 epoch=15 loss=0.53823
plus seed=0 epoch=16 loss=0.53227
{"encoder_floor_active_fraction": 0.00532670458778739, "encoder_floor_raw_mean": 9.007505468616728e-06, "factor_floor_active_fraction": 0.024857955053448677, "factor_floor_raw_mean": 0.00010053381993202493, "floor_weight": 0.1, "gram_rmse": 0.02596475977472552, "gram_weight": 0.05, "seed": 0, "sigreg_weight": 0.05, "test_collapsed_coordinate_fraction": 0.0, "test_covariance_identity_rmse": 0.4213911618380052, "test_effective_rank": 11.00860195105726, "test_mean_coordinate_std": 1.1635423549197745, "test_min_coordinate_std": 0.6301618847062724, "test_probe_accuracy": 0.1073, "train_seconds": 31.122184481006116, "trainable_parameters": 540928, "updates": 2816, "validation_probe_accuracy": 0.0982, "variant": "plus"}
plus seed=1 epoch=1 loss=2.11053
plus seed=1 epoch=2 loss=1.26279
plus seed=1 epoch=3 loss=0.90250
plus seed=1 epoch=4 loss=0.75678
plus seed=1 epoch=5 loss=0.70563
plus seed=1 epoch=6 loss=0.67813
plus seed=1 epoch=7 loss=0.63998
plus seed=1 epoch=8 loss=0.62836
plus seed=1 epoch=9 loss=0.60876
plus seed=1 epoch=10 loss=0.60082
plus seed=1 epoch=11 loss=0.57751
plus seed=1 epoch=12 loss=0.56951
plus seed=1 epoch=13 loss=0.55541
plus seed=1 epoch=14 loss=0.54842
plus seed=1 epoch=15 loss=0.52829
plus seed=1 epoch=16 loss=0.52090
{"encoder_floor_active_fraction": 0.0046164775267243385, "encoder_floor_raw_mean": 7.634272151335608e-06, "factor_floor_active_fraction": 0.026988636702299118, "factor_floor_raw_mean": 9.067670907825232e-05, "floor_weight": 0.1, "gram_rmse": 0.024664544559302438, "gram_weight": 0.05, "seed": 1, "sigreg_weight": 0.05, "test_collapsed_coordinate_fraction": 0.0, "test_covariance_identity_rmse": 0.4079335891964846, "test_effective_rank": 11.92527230897841, "test_mean_coordinate_std": 1.1614797163820156, "test_min_coordinate_std": 0.4833825197484352, "test_probe_accuracy": 0.1076, "train_seconds": 32.29422479704954, "trainable_parameters": 540928, "updates": 2816, "validation_probe_accuracy": 0.0968, "variant": "plus"}
plus seed=2 epoch=1 loss=1.98931
plus seed=2 epoch=2 loss=1.17982
plus seed=2 epoch=3 loss=0.99293
plus seed=2 epoch=4 loss=0.83828
plus seed=2 epoch=5 loss=0.73857
plus seed=2 epoch=6 loss=0.67674
plus seed=2 epoch=7 loss=0.66384
plus seed=2 epoch=8 loss=0.63532
plus seed=2 epoch=9 loss=0.63115
plus seed=2 epoch=10 loss=0.61557
plus seed=2 epoch=11 loss=0.58973
plus seed=2 epoch=12 loss=0.57187
plus seed=2 epoch=13 loss=0.55073
plus seed=2 epoch=14 loss=0.54293
plus seed=2 epoch=15 loss=0.52976
plus seed=2 epoch=16 loss=0.52651
{"encoder_floor_active_fraction": 0.00390625, "encoder_floor_raw_mean": 8.395960321649909e-06, "factor_floor_active_fraction": 0.02521306835114956, "factor_floor_raw_mean": 0.00010262741125188768, "floor_weight": 0.1, "gram_rmse": 0.025134005596663872, "gram_weight": 0.05, "seed": 2, "sigreg_weight": 0.05, "test_collapsed_coordinate_fraction": 0.0, "test_covariance_identity_rmse": 0.42261086144494037, "test_effective_rank": 12.057448445041896, "test_mean_coordinate_std": 1.1973266140939498, "test_min_coordinate_std": 0.7403481582641162, "test_probe_accuracy": 0.1071, "train_seconds": 26.62634151801467, "trainable_parameters": 540928, "updates": 2816, "validation_probe_accuracy": 0.0984, "variant": "plus"}
replace seed=0 epoch=1 loss=2.09258
replace seed=0 epoch=2 loss=1.22707
replace seed=0 epoch=3 loss=0.98790
replace seed=0 epoch=4 loss=0.79917
replace seed=0 epoch=5 loss=0.74262
replace seed=0 epoch=6 loss=0.72384
replace seed=0 epoch=7 loss=0.68792
replace seed=0 epoch=8 loss=0.63318
replace seed=0 epoch=9 loss=0.63164
replace seed=0 epoch=10 loss=0.60811
replace seed=0 epoch=11 loss=0.59092
replace seed=0 epoch=12 loss=0.57138
replace seed=0 epoch=13 loss=0.56302
replace seed=0 epoch=14 loss=0.55709
replace seed=0 epoch=15 loss=0.53993
replace seed=0 epoch=16 loss=0.51323
{"encoder_floor_active_fraction": 0.0049715908244252205, "encoder_floor_raw_mean": 9.944028533936944e-06, "factor_floor_active_fraction": 0.055752843618392944, "factor_floor_raw_mean": 0.00011581451690290123, "floor_weight": 0.0, "gram_rmse": 0.022171559435605098, "gram_weight": 0.05, "seed": 0, "sigreg_weight": 0.05, "test_collapsed_coordinate_fraction": 0.0, "test_covariance_identity_rmse": 0.40657547065037974, "test_effective_rank": 11.704183799486145, "test_mean_coordinate_std": 1.1684916030999637, "test_min_coordinate_std": 0.6441680721012398, "test_probe_accuracy": 0.1165, "train_seconds": 26.402660786989145, "trainable_parameters": 540928, "updates": 2816, "validation_probe_accuracy": 0.106, "variant": "replace"}
replace seed=1 epoch=1 loss=2.12049
replace seed=1 epoch=2 loss=1.29294
replace seed=1 epoch=3 loss=0.94634
replace seed=1 epoch=4 loss=0.78343
replace seed=1 epoch=5 loss=0.72297
replace seed=1 epoch=6 loss=0.70260
replace seed=1 epoch=7 loss=0.66739
replace seed=1 epoch=8 loss=0.63923
replace seed=1 epoch=9 loss=0.60658
replace seed=1 epoch=10 loss=0.58523
replace seed=1 epoch=11 loss=0.57477
replace seed=1 epoch=12 loss=0.57537
replace seed=1 epoch=13 loss=0.56846
replace seed=1 epoch=14 loss=0.54932
replace seed=1 epoch=15 loss=0.52342
replace seed=1 epoch=16 loss=0.52588
{"encoder_floor_active_fraction": 0.006036932114511728, "encoder_floor_raw_mean": 8.38981031847652e-06, "factor_floor_active_fraction": 0.04119318351149559, "factor_floor_raw_mean": 9.91531414911151e-05, "floor_weight": 0.0, "gram_rmse": 0.023672405949741772, "gram_weight": 0.05, "seed": 1, "sigreg_weight": 0.05, "test_collapsed_coordinate_fraction": 0.0, "test_covariance_identity_rmse": 0.3980327225569448, "test_effective_rank": 11.992203404903492, "test_mean_coordinate_std": 1.1654718655316372, "test_min_coordinate_std": 0.7293825953925879, "test_probe_accuracy": 0.1047, "train_seconds": 24.06096582999453, "trainable_parameters": 540928, "updates": 2816, "validation_probe_accuracy": 0.0944, "variant": "replace"}
replace seed=2 epoch=1 loss=2.03922
replace seed=2 epoch=2 loss=1.15291
replace seed=2 epoch=3 loss=0.85102
replace seed=2 epoch=4 loss=0.79378
replace seed=2 epoch=5 loss=0.73006
replace seed=2 epoch=6 loss=0.70102
replace seed=2 epoch=7 loss=0.66812
replace seed=2 epoch=8 loss=0.65321
replace seed=2 epoch=9 loss=0.64855
replace seed=2 epoch=10 loss=0.62035
replace seed=2 epoch=11 loss=0.59363
replace seed=2 epoch=12 loss=0.57613
replace seed=2 epoch=13 loss=0.55334
replace seed=2 epoch=14 loss=0.54351
replace seed=2 epoch=15 loss=0.53347
replace seed=2 epoch=16 loss=0.53491
{"encoder_floor_active_fraction": 0.004261363763362169, "encoder_floor_raw_mean": 8.985334716271609e-06, "factor_floor_active_fraction": 0.04900568351149559, "factor_floor_raw_mean": 0.00011925841681659222, "floor_weight": 0.0, "gram_rmse": 0.02557086884629854, "gram_weight": 0.05, "seed": 2, "sigreg_weight": 0.05, "test_collapsed_coordinate_fraction": 0.0, "test_covariance_identity_rmse": 0.40329201700274603, "test_effective_rank": 12.22630141503803, "test_mean_coordinate_std": 1.16942804867052, "test_min_coordinate_std": 0.6780749590189851, "test_probe_accuracy": 0.1052, "train_seconds": 32.65118856693152, "trainable_parameters": 540928, "updates": 2816, "validation_probe_accuracy": 0.0964, "variant": "replace"}
plus-strong-gram seed=0 epoch=1 loss=2.10994
plus-strong-gram seed=0 epoch=2 loss=1.28065
plus-strong-gram seed=0 epoch=3 loss=1.20541
plus-strong-gram seed=0 epoch=4 loss=1.05154
plus-strong-gram seed=0 epoch=5 loss=0.90852
plus-strong-gram seed=0 epoch=6 loss=0.83066
plus-strong-gram seed=0 epoch=7 loss=0.80280
plus-strong-gram seed=0 epoch=8 loss=0.74406
plus-strong-gram seed=0 epoch=9 loss=0.70065
plus-strong-gram seed=0 epoch=10 loss=0.68666
plus-strong-gram seed=0 epoch=11 loss=0.65089
plus-strong-gram seed=0 epoch=12 loss=0.61214
plus-strong-gram seed=0 epoch=13 loss=0.60865
plus-strong-gram seed=0 epoch=14 loss=0.58757
plus-strong-gram seed=0 epoch=15 loss=0.58191
plus-strong-gram seed=0 epoch=16 loss=0.56828
{"encoder_floor_active_fraction": 0.00532670458778739, "encoder_floor_raw_mean": 9.010327630676329e-06, "factor_floor_active_fraction": 0.06853693723678589, "factor_floor_raw_mean": 0.00011221006570849568, "floor_weight": 0.1, "gram_rmse": 0.0003680099012401503, "gram_weight": 5.0, "seed": 0, "sigreg_weight": 0.05, "test_collapsed_coordinate_fraction": 0.0, "test_covariance_identity_rmse": 0.4232508345312138, "test_effective_rank": 11.742101068802201, "test_mean_coordinate_std": 1.186349955380459, "test_min_coordinate_std": 0.7187977566432455, "test_probe_accuracy": 0.1122, "train_seconds": 30.640210509998724, "trainable_parameters": 540928, "updates": 2816, "validation_probe_accuracy": 0.1022, "variant": "plus-strong-gram"}
plus-strong-gram seed=1 epoch=1 loss=2.11137
plus-strong-gram seed=1 epoch=2 loss=1.27266
plus-strong-gram seed=1 epoch=3 loss=0.94980
plus-strong-gram seed=1 epoch=4 loss=0.84657
plus-strong-gram seed=1 epoch=5 loss=0.80131
plus-strong-gram seed=1 epoch=6 loss=0.79168
plus-strong-gram seed=1 epoch=7 loss=0.74175
plus-strong-gram seed=1 epoch=8 loss=0.70030
plus-strong-gram seed=1 epoch=9 loss=0.66047
plus-strong-gram seed=1 epoch=10 loss=0.65170
plus-strong-gram seed=1 epoch=11 loss=0.62219
plus-strong-gram seed=1 epoch=12 loss=0.61450
plus-strong-gram seed=1 epoch=13 loss=0.60839
plus-strong-gram seed=1 epoch=14 loss=0.59428
plus-strong-gram seed=1 epoch=15 loss=0.56573
plus-strong-gram seed=1 epoch=16 loss=0.56131
{"encoder_floor_active_fraction": 0.0046164775267243385, "encoder_floor_raw_mean": 7.633994755451567e-06, "factor_floor_active_fraction": 0.03870738670229912, "factor_floor_raw_mean": 0.00010058494808617979, "floor_weight": 0.1, "gram_rmse": 0.00037233755082253774, "gram_weight": 5.0, "seed": 1, "sigreg_weight": 0.05, "test_collapsed_coordinate_fraction": 0.0, "test_covariance_identity_rmse": 0.3590942801580717, "test_effective_rank": 12.760012756832658, "test_mean_coordinate_std": 1.1363737109360286, "test_min_coordinate_std": 0.7698555110764882, "test_probe_accuracy": 0.1066, "train_seconds": 29.914698680047877, "trainable_parameters": 540928, "updates": 2816, "validation_probe_accuracy": 0.1002, "variant": "plus-strong-gram"}
plus-strong-gram seed=2 epoch=1 loss=1.99020
plus-strong-gram seed=2 epoch=2 loss=1.17811
plus-strong-gram seed=2 epoch=3 loss=1.02837
plus-strong-gram seed=2 epoch=4 loss=0.90420
plus-strong-gram seed=2 epoch=5 loss=0.86245
plus-strong-gram seed=2 epoch=6 loss=0.78857
plus-strong-gram seed=2 epoch=7 loss=0.72871
plus-strong-gram seed=2 epoch=8 loss=0.69158
plus-strong-gram seed=2 epoch=9 loss=0.67746
plus-strong-gram seed=2 epoch=10 loss=0.67906
plus-strong-gram seed=2 epoch=11 loss=0.64742
plus-strong-gram seed=2 epoch=12 loss=0.63680
plus-strong-gram seed=2 epoch=13 loss=0.62342
plus-strong-gram seed=2 epoch=14 loss=0.60146
plus-strong-gram seed=2 epoch=15 loss=0.58806
plus-strong-gram seed=2 epoch=16 loss=0.58030
{"encoder_floor_active_fraction": 0.00390625, "encoder_floor_raw_mean": 8.395270015171263e-06, "factor_floor_active_fraction": 0.04367898032069206, "factor_floor_raw_mean": 0.00011388357961550355, "floor_weight": 0.1, "gram_rmse": 0.00035293522471700924, "gram_weight": 5.0, "seed": 2, "sigreg_weight": 0.05, "test_collapsed_coordinate_fraction": 0.0, "test_covariance_identity_rmse": 0.4786567499786535, "test_effective_rank": 11.045347760309038, "test_mean_coordinate_std": 1.219139371158011, "test_min_coordinate_std": 0.6514474039585971, "test_probe_accuracy": 0.1124, "train_seconds": 31.41135917697102, "trainable_parameters": 540928, "updates": 2816, "validation_probe_accuracy": 0.1058, "variant": "plus-strong-gram"}
replace-strong-gram seed=0 epoch=1 loss=2.09306
replace-strong-gram seed=0 epoch=2 loss=1.22950
replace-strong-gram seed=0 epoch=3 loss=1.04459
replace-strong-gram seed=0 epoch=4 loss=0.85709
replace-strong-gram seed=0 epoch=5 loss=0.82561
replace-strong-gram seed=0 epoch=6 loss=0.82046
replace-strong-gram seed=0 epoch=7 loss=0.80509
replace-strong-gram seed=0 epoch=8 loss=0.75326
replace-strong-gram seed=0 epoch=9 loss=0.70886
replace-strong-gram seed=0 epoch=10 loss=0.67341
replace-strong-gram seed=0 epoch=11 loss=0.64553
replace-strong-gram seed=0 epoch=12 loss=0.61766
replace-strong-gram seed=0 epoch=13 loss=0.60347
replace-strong-gram seed=0 epoch=14 loss=0.58790
replace-strong-gram seed=0 epoch=15 loss=0.58687
replace-strong-gram seed=0 epoch=16 loss=0.56838
{"encoder_floor_active_fraction": 0.0049715908244252205, "encoder_floor_raw_mean": 9.950240382750053e-06, "factor_floor_active_fraction": 0.057883523404598236, "factor_floor_raw_mean": 0.00011503606947371736, "floor_weight": 0.0, "gram_rmse": 0.0003325782447466087, "gram_weight": 5.0, "seed": 0, "sigreg_weight": 0.05, "test_collapsed_coordinate_fraction": 0.0, "test_covariance_identity_rmse": 0.43377131124996327, "test_effective_rank": 11.033108797671762, "test_mean_coordinate_std": 1.1828783848941726, "test_min_coordinate_std": 0.7986679507524714, "test_probe_accuracy": 0.1126, "train_seconds": 23.673837729962543, "trainable_parameters": 540928, "updates": 2816, "validation_probe_accuracy": 0.105, "variant": "replace-strong-gram"}
replace-strong-gram seed=1 epoch=1 loss=2.12153
replace-strong-gram seed=1 epoch=2 loss=1.30627
replace-strong-gram seed=1 epoch=3 loss=1.01414
replace-strong-gram seed=1 epoch=4 loss=0.91261
replace-strong-gram seed=1 epoch=5 loss=0.83109
replace-strong-gram seed=1 epoch=6 loss=0.81853
replace-strong-gram seed=1 epoch=7 loss=0.78810
replace-strong-gram seed=1 epoch=8 loss=0.72886
replace-strong-gram seed=1 epoch=9 loss=0.67075
replace-strong-gram seed=1 epoch=10 loss=0.64378
replace-strong-gram seed=1 epoch=11 loss=0.62519
replace-strong-gram seed=1 epoch=12 loss=0.62433
replace-strong-gram seed=1 epoch=13 loss=0.61407
replace-strong-gram seed=1 epoch=14 loss=0.59828
replace-strong-gram seed=1 epoch=15 loss=0.57608
replace-strong-gram seed=1 epoch=16 loss=0.58296
{"encoder_floor_active_fraction": 0.006036932114511728, "encoder_floor_raw_mean": 8.389937647734769e-06, "factor_floor_active_fraction": 0.03764204680919647, "factor_floor_raw_mean": 9.970388055080548e-05, "floor_weight": 0.0, "gram_rmse": 0.00030630689545799774, "gram_weight": 5.0, "seed": 1, "sigreg_weight": 0.05, "test_collapsed_coordinate_fraction": 0.0, "test_covariance_identity_rmse": 0.3558358947696077, "test_effective_rank": 12.832632090682974, "test_mean_coordinate_std": 1.1370432236654389, "test_min_coordinate_std": 0.7283717024399234, "test_probe_accuracy": 0.1104, "train_seconds": 25.31129630911164, "trainable_parameters": 540928, "updates": 2816, "validation_probe_accuracy": 0.1036, "variant": "replace-strong-gram"}
replace-strong-gram seed=2 epoch=1 loss=2.04004
replace-strong-gram seed=2 epoch=2 loss=1.15776
replace-strong-gram seed=2 epoch=3 loss=0.88237
replace-strong-gram seed=2 epoch=4 loss=0.85594
replace-strong-gram seed=2 epoch=5 loss=0.81386
replace-strong-gram seed=2 epoch=6 loss=0.77744
replace-strong-gram seed=2 epoch=7 loss=0.73295
replace-strong-gram seed=2 epoch=8 loss=0.70844
replace-strong-gram seed=2 epoch=9 loss=0.69191
replace-strong-gram seed=2 epoch=10 loss=0.68542
replace-strong-gram seed=2 epoch=11 loss=0.66275
replace-strong-gram seed=2 epoch=12 loss=0.64915
replace-strong-gram seed=2 epoch=13 loss=0.61722
replace-strong-gram seed=2 epoch=14 loss=0.60266
replace-strong-gram seed=2 epoch=15 loss=0.59315
replace-strong-gram seed=2 epoch=16 loss=0.58548
{"encoder_floor_active_fraction": 0.004261363763362169, "encoder_floor_raw_mean": 8.986262400867417e-06, "factor_floor_active_fraction": 0.04865057021379471, "factor_floor_raw_mean": 0.00011797772458521649, "floor_weight": 0.0, "gram_rmse": 0.0003419632167358197, "gram_weight": 5.0, "seed": 2, "sigreg_weight": 0.05, "test_collapsed_coordinate_fraction": 0.0, "test_covariance_identity_rmse": 0.4430414000780719, "test_effective_rank": 11.415535357854848, "test_mean_coordinate_std": 1.1966630840092023, "test_min_coordinate_std": 0.7734331401732486, "test_probe_accuracy": 0.1078, "train_seconds": 24.872674167971127, "trainable_parameters": 540928, "updates": 2816, "validation_probe_accuracy": 0.0972, "variant": "replace-strong-gram"}
WROTE /workspace/opf-cifar100-floor-2026-09-26/results.json
