{"encoder_floor_active_fraction": 0.0, "encoder_floor_raw_mean": 0.0, "factor_floor_active_fraction": 0.0, "factor_floor_raw_mean": 0.0, "floor_weight": 0.1, "gram_weight": 0.05, "seed": 0, "sigreg_weight": 0.0, "steps": 0, "test_activity_accuracy": 0.8473023413640991, "test_effective_rank": 16.87038121958724, "test_gram_rmse": 0.0, "test_mean_coordinate_std": 0.18750670677926973, "test_min_coordinate_std": 0.1323571605711465, "train_seconds": 0.00014939694665372372, "trainable_parameters": 96512, "validation_activity_accuracy": 0.8403967538322813, "validation_effective_rank": 15.288221082766674, "validation_gram_rmse": 0.0, "validation_mean_coordinate_std": 0.1943580741840631, "validation_min_coordinate_std": 0.12712630281833703, "variant": "random"}
{"encoder_floor_active_fraction": 0.0, "encoder_floor_raw_mean": 0.0, "factor_floor_active_fraction": 0.0, "factor_floor_raw_mean": 0.0, "floor_weight": 0.1, "gram_weight": 0.05, "seed": 1, "sigreg_weight": 0.0, "steps": 0, "test_activity_accuracy": 0.8367831693247371, "test_effective_rank": 18.68945189891256, "test_gram_rmse": 0.0, "test_mean_coordinate_std": 0.18297114774535456, "test_min_coordinate_std": 0.11233341953017964, "train_seconds": 0.0002051460323855281, "trainable_parameters": 96512, "validation_activity_accuracy": 0.8620378719567178, "validation_effective_rank": 16.6470850594125, "validation_gram_rmse": 0.0, "validation_mean_coordinate_std": 0.18679264145784502, "validation_min_coordinate_std": 0.11487334320966952, "variant": "random"}
{"encoder_floor_active_fraction": 0.0, "encoder_floor_raw_mean": 0.0, "factor_floor_active_fraction": 0.0, "factor_floor_raw_mean": 0.0, "floor_weight": 0.1, "gram_weight": 0.05, "seed": 2, "sigreg_weight": 0.0, "steps": 0, "test_activity_accuracy": 0.8537495758398371, "test_effective_rank": 18.280059015574157, "test_gram_rmse": 0.0, "test_mean_coordinate_std": 0.18037972343226094, "test_min_coordinate_std": 0.11686230530163902, "train_seconds": 0.00020952604245394468, "trainable_parameters": 96512, "validation_activity_accuracy": 0.8512173128944995, "validation_effective_rank": 16.48814623022486, "validation_gram_rmse": 0.0, "validation_mean_coordinate_std": 0.18644124658602884, "validation_min_coordinate_std": 0.1184281774572614, "variant": "random"}
original seed=0 step=1 loss=0.04848
original seed=0 step=250 loss=0.02220
original seed=0 step=500 loss=0.02732
original seed=0 step=750 loss=0.04055
original seed=0 step=1000 loss=0.06475
original seed=0 step=1250 loss=0.07679
original seed=0 step=1500 loss=0.08956
original seed=0 step=1750 loss=0.08021
original seed=0 step=2000 loss=0.10634
{"encoder_floor_active_fraction": 0.0, "encoder_floor_raw_mean": 0.0, "factor_floor_active_fraction": 0.0, "factor_floor_raw_mean": 0.0, "floor_weight": 0.1, "gram_weight": 0.05, "seed": 0, "sigreg_weight": 0.0, "steps": 2000, "test_activity_accuracy": 0.8998982015609094, "test_effective_rank": 10.719554958299483, "test_gram_rmse": 0.0064780598801795425, "test_mean_coordinate_std": 0.8894362457882755, "test_min_coordinate_std": 0.4700546768514632, "test_sensor_rollout_r2_h1": 0.6109574721119182, "test_sensor_rollout_r2_h4": 0.3611907194377595, "train_seconds": 20.44056227209512, "trainable_parameters": 96512, "validation_activity_accuracy": 0.8647430117222723, "validation_effective_rank": 10.257326021871302, "validation_gram_rmse": 0.0064780598801795425, "validation_mean_coordinate_std": 0.8958952215327818, "validation_min_coordinate_std": 0.500206680190411, "validation_sensor_rollout_r2_h1": 0.6481033413760627, "validation_sensor_rollout_r2_h4": 0.38602359890479976, "variant": "original"}
original seed=1 step=1 loss=0.05240
original seed=1 step=250 loss=0.01964
original seed=1 step=500 loss=0.02797
original seed=1 step=750 loss=0.03967
original seed=1 step=1000 loss=0.05596
original seed=1 step=1250 loss=0.07255
original seed=1 step=1500 loss=0.07740
original seed=1 step=1750 loss=0.10399
original seed=1 step=2000 loss=0.07951
{"encoder_floor_active_fraction": 0.0, "encoder_floor_raw_mean": 0.0, "factor_floor_active_fraction": 0.0, "factor_floor_raw_mean": 0.0, "floor_weight": 0.1, "gram_weight": 0.05, "seed": 1, "sigreg_weight": 0.0, "steps": 2000, "test_activity_accuracy": 0.8978622327790974, "test_effective_rank": 10.852861199387089, "test_gram_rmse": 0.006316402450377276, "test_mean_coordinate_std": 0.8422420599340597, "test_min_coordinate_std": 0.5381723170599285, "test_sensor_rollout_r2_h1": 0.6026123930489663, "test_sensor_rollout_r2_h4": 0.3628213691912603, "train_seconds": 18.236056774039753, "trainable_parameters": 96512, "validation_activity_accuracy": 0.8656447249774571, "validation_effective_rank": 10.411211134450781, "validation_gram_rmse": 0.006316402450377276, "validation_mean_coordinate_std": 0.852736632666474, "validation_min_coordinate_std": 0.5417737221260783, "validation_sensor_rollout_r2_h1": 0.6550922692898906, "validation_sensor_rollout_r2_h4": 0.3944304555506293, "variant": "original"}
original seed=2 step=1 loss=0.04870
original seed=2 step=250 loss=0.01769
original seed=2 step=500 loss=0.02901
original seed=2 step=750 loss=0.04431
original seed=2 step=1000 loss=0.04792
original seed=2 step=1250 loss=0.06295
original seed=2 step=1500 loss=0.08717
original seed=2 step=1750 loss=0.09009
original seed=2 step=2000 loss=0.09052
{"encoder_floor_active_fraction": 0.0, "encoder_floor_raw_mean": 0.0, "factor_floor_active_fraction": 0.0, "factor_floor_raw_mean": 0.0, "floor_weight": 0.1, "gram_weight": 0.05, "seed": 2, "sigreg_weight": 0.0, "steps": 2000, "test_activity_accuracy": 0.8900576857821514, "test_effective_rank": 9.471577070652865, "test_gram_rmse": 0.006033960029209142, "test_mean_coordinate_std": 0.8873765553661438, "test_min_coordinate_std": 0.5273498562921127, "test_sensor_rollout_r2_h1": 0.6005032317682946, "test_sensor_rollout_r2_h4": 0.3634061737372578, "train_seconds": 19.833817409002222, "trainable_parameters": 96512, "validation_activity_accuracy": 0.8602344454463481, "validation_effective_rank": 9.253765326370909, "validation_gram_rmse": 0.006033960029209142, "validation_mean_coordinate_std": 0.8917204787702441, "validation_min_coordinate_std": 0.5318040731750601, "validation_sensor_rollout_r2_h1": 0.6515548878185378, "validation_sensor_rollout_r2_h4": 0.38032369304624236, "variant": "original"}
plus seed=0 step=1 loss=0.13918
plus seed=0 step=250 loss=0.13871
plus seed=0 step=500 loss=0.18094
plus seed=0 step=750 loss=0.20785
plus seed=0 step=1000 loss=0.26852
plus seed=0 step=1250 loss=0.26631
plus seed=0 step=1500 loss=0.26263
plus seed=0 step=1750 loss=0.22883
plus seed=0 step=2000 loss=0.25891
{"encoder_floor_active_fraction": 0.0, "encoder_floor_raw_mean": 0.0, "factor_floor_active_fraction": 0.0, "factor_floor_raw_mean": 0.0, "floor_weight": 0.1, "gram_weight": 0.05, "seed": 0, "sigreg_weight": 0.001, "steps": 2000, "test_activity_accuracy": 0.8812351543942993, "test_effective_rank": 19.585664087076506, "test_gram_rmse": 0.021641445894304133, "test_mean_coordinate_std": 1.1234303814555282, "test_min_coordinate_std": 0.8326531732859146, "test_sensor_rollout_r2_h1": 0.6033665489366276, "test_sensor_rollout_r2_h4": 0.366331278150024, "train_seconds": 25.637100951978937, "trainable_parameters": 96512, "validation_activity_accuracy": 0.8683498647430117, "validation_effective_rank": 16.75478721840179, "validation_gram_rmse": 0.021641445894304133, "validation_mean_coordinate_std": 1.1418200669351455, "validation_min_coordinate_std": 0.7949705118410744, "validation_sensor_rollout_r2_h1": 0.6628317157502606, "validation_sensor_rollout_r2_h4": 0.43755251575982734, "variant": "plus"}
plus seed=1 step=1 loss=0.14140
plus seed=1 step=250 loss=0.11888
plus seed=1 step=500 loss=0.17500
plus seed=1 step=750 loss=0.21122
plus seed=1 step=1000 loss=0.23889
plus seed=1 step=1250 loss=0.26285
plus seed=1 step=1500 loss=0.26096
plus seed=1 step=1750 loss=0.29328
plus seed=1 step=2000 loss=0.22401
{"encoder_floor_active_fraction": 0.0, "encoder_floor_raw_mean": 0.0, "factor_floor_active_fraction": 0.0, "factor_floor_raw_mean": 0.0, "floor_weight": 0.1, "gram_weight": 0.05, "seed": 1, "sigreg_weight": 0.001, "steps": 2000, "test_activity_accuracy": 0.8978622327790974, "test_effective_rank": 19.005459463786593, "test_gram_rmse": 0.02159435711065361, "test_mean_coordinate_std": 1.1357112124235822, "test_min_coordinate_std": 0.7534508584015421, "test_sensor_rollout_r2_h1": 0.6139755370297921, "test_sensor_rollout_r2_h4": 0.3698108608688938, "train_seconds": 24.017821460962296, "trainable_parameters": 96512, "validation_activity_accuracy": 0.8710550045085663, "validation_effective_rank": 15.391960970365078, "validation_gram_rmse": 0.02159435711065361, "validation_mean_coordinate_std": 1.179073623654093, "validation_min_coordinate_std": 0.726507716771841, "validation_sensor_rollout_r2_h1": 0.6659608313831842, "validation_sensor_rollout_r2_h4": 0.42025204728296894, "variant": "plus"}
plus seed=2 step=1 loss=0.13979
plus seed=2 step=250 loss=0.11768
plus seed=2 step=500 loss=0.18222
plus seed=2 step=750 loss=0.22152
plus seed=2 step=1000 loss=0.21029
plus seed=2 step=1250 loss=0.24085
plus seed=2 step=1500 loss=0.27013
plus seed=2 step=1750 loss=0.25794
plus seed=2 step=2000 loss=0.24837
{"encoder_floor_active_fraction": 0.0, "encoder_floor_raw_mean": 0.0, "factor_floor_active_fraction": 0.0, "factor_floor_raw_mean": 0.0, "floor_weight": 0.1, "gram_weight": 0.05, "seed": 2, "sigreg_weight": 0.001, "steps": 2000, "test_activity_accuracy": 0.8859857482185273, "test_effective_rank": 17.922983624637023, "test_gram_rmse": 0.02122940487173633, "test_mean_coordinate_std": 1.1296753924468175, "test_min_coordinate_std": 0.7346963568673265, "test_sensor_rollout_r2_h1": 0.613397956557764, "test_sensor_rollout_r2_h4": 0.3714902917443853, "train_seconds": 23.076261959969997, "trainable_parameters": 96512, "validation_activity_accuracy": 0.8584310189359784, "validation_effective_rank": 14.756613315287629, "validation_gram_rmse": 0.02122940487173633, "validation_mean_coordinate_std": 1.1592153841395212, "validation_min_coordinate_std": 0.7918328759800887, "validation_sensor_rollout_r2_h1": 0.6492310359722213, "validation_sensor_rollout_r2_h4": 0.4251616372054452, "variant": "plus"}
replace seed=0 step=1 loss=0.13918
replace seed=0 step=250 loss=0.13871
replace seed=0 step=500 loss=0.18094
replace seed=0 step=750 loss=0.20785
replace seed=0 step=1000 loss=0.26852
replace seed=0 step=1250 loss=0.26631
replace seed=0 step=1500 loss=0.26263
replace seed=0 step=1750 loss=0.22883
replace seed=0 step=2000 loss=0.25891
{"encoder_floor_active_fraction": 0.0, "encoder_floor_raw_mean": 0.0, "factor_floor_active_fraction": 0.0, "factor_floor_raw_mean": 0.0, "floor_weight": 0.0, "gram_weight": 0.05, "seed": 0, "sigreg_weight": 0.001, "steps": 2000, "test_activity_accuracy": 0.8812351543942993, "test_effective_rank": 19.585664087076506, "test_gram_rmse": 0.021641445894304133, "test_mean_coordinate_std": 1.1234303814555282, "test_min_coordinate_std": 0.8326531732859146, "test_sensor_rollout_r2_h1": 0.6033665489366276, "test_sensor_rollout_r2_h4": 0.366331278150024, "train_seconds": 22.83246360195335, "trainable_parameters": 96512, "validation_activity_accuracy": 0.8683498647430117, "validation_effective_rank": 16.75478721840179, "validation_gram_rmse": 0.021641445894304133, "validation_mean_coordinate_std": 1.1418200669351455, "validation_min_coordinate_std": 0.7949705118410744, "validation_sensor_rollout_r2_h1": 0.6628317157502606, "validation_sensor_rollout_r2_h4": 0.43755251575982734, "variant": "replace"}
replace seed=1 step=1 loss=0.14140
replace seed=1 step=250 loss=0.11888
replace seed=1 step=500 loss=0.17500
replace seed=1 step=750 loss=0.21122
replace seed=1 step=1000 loss=0.23889
replace seed=1 step=1250 loss=0.26285
replace seed=1 step=1500 loss=0.26096
replace seed=1 step=1750 loss=0.29328
replace seed=1 step=2000 loss=0.22401
{"encoder_floor_active_fraction": 0.0, "encoder_floor_raw_mean": 0.0, "factor_floor_active_fraction": 0.0, "factor_floor_raw_mean": 0.0, "floor_weight": 0.0, "gram_weight": 0.05, "seed": 1, "sigreg_weight": 0.001, "steps": 2000, "test_activity_accuracy": 0.8978622327790974, "test_effective_rank": 19.005459463786593, "test_gram_rmse": 0.02159435711065361, "test_mean_coordinate_std": 1.1357112124235822, "test_min_coordinate_std": 0.7534508584015421, "test_sensor_rollout_r2_h1": 0.6139755370297921, "test_sensor_rollout_r2_h4": 0.3698108608688938, "train_seconds": 22.159656472038478, "trainable_parameters": 96512, "validation_activity_accuracy": 0.8710550045085663, "validation_effective_rank": 15.391960970365078, "validation_gram_rmse": 0.02159435711065361, "validation_mean_coordinate_std": 1.179073623654093, "validation_min_coordinate_std": 0.726507716771841, "validation_sensor_rollout_r2_h1": 0.6659608313831842, "validation_sensor_rollout_r2_h4": 0.42025204728296894, "variant": "replace"}
replace seed=2 step=1 loss=0.13979
replace seed=2 step=250 loss=0.11768
replace seed=2 step=500 loss=0.18222
replace seed=2 step=750 loss=0.22152
replace seed=2 step=1000 loss=0.21029
replace seed=2 step=1250 loss=0.24085
replace seed=2 step=1500 loss=0.27013
replace seed=2 step=1750 loss=0.25794
replace seed=2 step=2000 loss=0.24837
{"encoder_floor_active_fraction": 0.0, "encoder_floor_raw_mean": 0.0, "factor_floor_active_fraction": 0.0, "factor_floor_raw_mean": 0.0, "floor_weight": 0.0, "gram_weight": 0.05, "seed": 2, "sigreg_weight": 0.001, "steps": 2000, "test_activity_accuracy": 0.8859857482185273, "test_effective_rank": 17.922983624637023, "test_gram_rmse": 0.02122940487173633, "test_mean_coordinate_std": 1.1296753924468175, "test_min_coordinate_std": 0.7346963568673265, "test_sensor_rollout_r2_h1": 0.613397956557764, "test_sensor_rollout_r2_h4": 0.3714902917443853, "train_seconds": 24.33724116301164, "trainable_parameters": 96512, "validation_activity_accuracy": 0.8584310189359784, "validation_effective_rank": 14.756613315287629, "validation_gram_rmse": 0.02122940487173633, "validation_mean_coordinate_std": 1.1592153841395212, "validation_min_coordinate_std": 0.7918328759800887, "validation_sensor_rollout_r2_h1": 0.6492310359722213, "validation_sensor_rollout_r2_h4": 0.4251616372054452, "variant": "replace"}
plus-strong-gram seed=0 step=1 loss=0.13918
plus-strong-gram seed=0 step=250 loss=0.16725
plus-strong-gram seed=0 step=500 loss=0.22677
plus-strong-gram seed=0 step=750 loss=0.27368
plus-strong-gram seed=0 step=1000 loss=0.36976
plus-strong-gram seed=0 step=1250 loss=0.36762
plus-strong-gram seed=0 step=1500 loss=0.36889
plus-strong-gram seed=0 step=1750 loss=0.27741
plus-strong-gram seed=0 step=2000 loss=0.33023
{"encoder_floor_active_fraction": 0.0, "encoder_floor_raw_mean": 0.0, "factor_floor_active_fraction": 0.0, "factor_floor_raw_mean": 0.0, "floor_weight": 0.1, "gram_weight": 5.0, "seed": 0, "sigreg_weight": 0.001, "steps": 2000, "test_activity_accuracy": 0.8887003732609433, "test_effective_rank": 18.531132938253613, "test_gram_rmse": 0.00036057085645302444, "test_mean_coordinate_std": 1.1507167132375655, "test_min_coordinate_std": 0.7802744181267213, "test_sensor_rollout_r2_h1": 0.6017363222759391, "test_sensor_rollout_r2_h4": 0.36608071463975667, "train_seconds": 17.00019179098308, "trainable_parameters": 96512, "validation_activity_accuracy": 0.8737601442741209, "validation_effective_rank": 15.726779250261327, "validation_gram_rmse": 0.00036057085645302444, "validation_mean_coordinate_std": 1.1816881559100176, "validation_min_coordinate_std": 0.8126691274532344, "validation_sensor_rollout_r2_h1": 0.6580233929169378, "validation_sensor_rollout_r2_h4": 0.42764171257751615, "variant": "plus-strong-gram"}
plus-strong-gram seed=1 step=1 loss=0.14140
plus-strong-gram seed=1 step=250 loss=0.13859
plus-strong-gram seed=1 step=500 loss=0.22463
plus-strong-gram seed=1 step=750 loss=0.27361
plus-strong-gram seed=1 step=1000 loss=0.31195
plus-strong-gram seed=1 step=1250 loss=0.35078
plus-strong-gram seed=1 step=1500 loss=0.31432
plus-strong-gram seed=1 step=1750 loss=0.38159
plus-strong-gram seed=1 step=2000 loss=0.26357
{"encoder_floor_active_fraction": 0.0, "encoder_floor_raw_mean": 0.0, "factor_floor_active_fraction": 0.0, "factor_floor_raw_mean": 0.0, "floor_weight": 0.1, "gram_weight": 5.0, "seed": 1, "sigreg_weight": 0.001, "steps": 2000, "test_activity_accuracy": 0.8931116389548693, "test_effective_rank": 17.866190735559336, "test_gram_rmse": 0.0003770468136261178, "test_mean_coordinate_std": 1.1530110260135982, "test_min_coordinate_std": 0.7689203675680994, "test_sensor_rollout_r2_h1": 0.5953970876876281, "test_sensor_rollout_r2_h4": 0.3569393959945366, "train_seconds": 23.3206070890883, "trainable_parameters": 96512, "validation_activity_accuracy": 0.8512173128944995, "validation_effective_rank": 14.657586861134334, "validation_gram_rmse": 0.0003770468136261178, "validation_mean_coordinate_std": 1.2055556239711127, "validation_min_coordinate_std": 0.7366313810695051, "validation_sensor_rollout_r2_h1": 0.6677537536260134, "validation_sensor_rollout_r2_h4": 0.4111909885330216, "variant": "plus-strong-gram"}
plus-strong-gram seed=2 step=1 loss=0.13979
plus-strong-gram seed=2 step=250 loss=0.13651
plus-strong-gram seed=2 step=500 loss=0.22873
plus-strong-gram seed=2 step=750 loss=0.29599
plus-strong-gram seed=2 step=1000 loss=0.25139
plus-strong-gram seed=2 step=1250 loss=0.30552
plus-strong-gram seed=2 step=1500 loss=0.36013
plus-strong-gram seed=2 step=1750 loss=0.31900
plus-strong-gram seed=2 step=2000 loss=0.28906
{"encoder_floor_active_fraction": 0.0, "encoder_floor_raw_mean": 0.0, "factor_floor_active_fraction": 0.0, "factor_floor_raw_mean": 0.0, "floor_weight": 0.1, "gram_weight": 5.0, "seed": 2, "sigreg_weight": 0.001, "steps": 2000, "test_activity_accuracy": 0.8836104513064132, "test_effective_rank": 17.152438322134465, "test_gram_rmse": 0.00036044088491803404, "test_mean_coordinate_std": 1.1438562789735416, "test_min_coordinate_std": 0.7709405969484238, "test_sensor_rollout_r2_h1": 0.6011313765487569, "test_sensor_rollout_r2_h4": 0.3643286311968774, "train_seconds": 20.08704763604328, "trainable_parameters": 96512, "validation_activity_accuracy": 0.8548241659152389, "validation_effective_rank": 13.850406426276061, "validation_gram_rmse": 0.00036044088491803404, "validation_mean_coordinate_std": 1.1859371480103043, "validation_min_coordinate_std": 0.8348733716691269, "validation_sensor_rollout_r2_h1": 0.6578758145216423, "validation_sensor_rollout_r2_h4": 0.40457255718685947, "variant": "plus-strong-gram"}
replace-strong-gram seed=0 step=1 loss=0.13918
replace-strong-gram seed=0 step=250 loss=0.16725
replace-strong-gram seed=0 step=500 loss=0.22677
replace-strong-gram seed=0 step=750 loss=0.27368
replace-strong-gram seed=0 step=1000 loss=0.36976
replace-strong-gram seed=0 step=1250 loss=0.36762
replace-strong-gram seed=0 step=1500 loss=0.36889
replace-strong-gram seed=0 step=1750 loss=0.27741
replace-strong-gram seed=0 step=2000 loss=0.33023
{"encoder_floor_active_fraction": 0.0, "encoder_floor_raw_mean": 0.0, "factor_floor_active_fraction": 0.0, "factor_floor_raw_mean": 0.0, "floor_weight": 0.0, "gram_weight": 5.0, "seed": 0, "sigreg_weight": 0.001, "steps": 2000, "test_activity_accuracy": 0.8887003732609433, "test_effective_rank": 18.531132938253613, "test_gram_rmse": 0.00036057085645302444, "test_mean_coordinate_std": 1.1507167132375655, "test_min_coordinate_std": 0.7802744181267213, "test_sensor_rollout_r2_h1": 0.6017363222759391, "test_sensor_rollout_r2_h4": 0.36608071463975667, "train_seconds": 21.870068032993004, "trainable_parameters": 96512, "validation_activity_accuracy": 0.8737601442741209, "validation_effective_rank": 15.726779250261327, "validation_gram_rmse": 0.00036057085645302444, "validation_mean_coordinate_std": 1.1816881559100176, "validation_min_coordinate_std": 0.8126691274532344, "validation_sensor_rollout_r2_h1": 0.6580233929169378, "validation_sensor_rollout_r2_h4": 0.42764171257751615, "variant": "replace-strong-gram"}
replace-strong-gram seed=1 step=1 loss=0.14140
replace-strong-gram seed=1 step=250 loss=0.13859
replace-strong-gram seed=1 step=500 loss=0.22463
replace-strong-gram seed=1 step=750 loss=0.27361
replace-strong-gram seed=1 step=1000 loss=0.31195
replace-strong-gram seed=1 step=1250 loss=0.35078
replace-strong-gram seed=1 step=1500 loss=0.31432
replace-strong-gram seed=1 step=1750 loss=0.38159
replace-strong-gram seed=1 step=2000 loss=0.26357
{"encoder_floor_active_fraction": 0.0, "encoder_floor_raw_mean": 0.0, "factor_floor_active_fraction": 0.0, "factor_floor_raw_mean": 0.0, "floor_weight": 0.0, "gram_weight": 5.0, "seed": 1, "sigreg_weight": 0.001, "steps": 2000, "test_activity_accuracy": 0.8931116389548693, "test_effective_rank": 17.866190735559336, "test_gram_rmse": 0.0003770468136261178, "test_mean_coordinate_std": 1.1530110260135982, "test_min_coordinate_std": 0.7689203675680994, "test_sensor_rollout_r2_h1": 0.5953970876876281, "test_sensor_rollout_r2_h4": 0.3569393959945366, "train_seconds": 22.942029922036454, "trainable_parameters": 96512, "validation_activity_accuracy": 0.8512173128944995, "validation_effective_rank": 14.657586861134334, "validation_gram_rmse": 0.0003770468136261178, "validation_mean_coordinate_std": 1.2055556239711127, "validation_min_coordinate_std": 0.7366313810695051, "validation_sensor_rollout_r2_h1": 0.6677537536260134, "validation_sensor_rollout_r2_h4": 0.4111909885330216, "variant": "replace-strong-gram"}
replace-strong-gram seed=2 step=1 loss=0.13979
replace-strong-gram seed=2 step=250 loss=0.13651
replace-strong-gram seed=2 step=500 loss=0.22873
replace-strong-gram seed=2 step=750 loss=0.29599
replace-strong-gram seed=2 step=1000 loss=0.25139
replace-strong-gram seed=2 step=1250 loss=0.30552
replace-strong-gram seed=2 step=1500 loss=0.36013
replace-strong-gram seed=2 step=1750 loss=0.31900
replace-strong-gram seed=2 step=2000 loss=0.28906
{"encoder_floor_active_fraction": 0.0, "encoder_floor_raw_mean": 0.0, "factor_floor_active_fraction": 0.0, "factor_floor_raw_mean": 0.0, "floor_weight": 0.0, "gram_weight": 5.0, "seed": 2, "sigreg_weight": 0.001, "steps": 2000, "test_activity_accuracy": 0.8836104513064132, "test_effective_rank": 17.152438322134465, "test_gram_rmse": 0.00036044088491803404, "test_mean_coordinate_std": 1.1438562789735416, "test_min_coordinate_std": 0.7709405969484238, "test_sensor_rollout_r2_h1": 0.6011313765487569, "test_sensor_rollout_r2_h4": 0.3643286311968774, "train_seconds": 26.175172702991404, "trainable_parameters": 96512, "validation_activity_accuracy": 0.8548241659152389, "validation_effective_rank": 13.850406426276061, "validation_gram_rmse": 0.00036044088491803404, "validation_mean_coordinate_std": 1.1859371480103043, "validation_min_coordinate_std": 0.8348733716691269, "validation_sensor_rollout_r2_h1": 0.6578758145216423, "validation_sensor_rollout_r2_h4": 0.40457255718685947, "variant": "replace-strong-gram"}
WROTE /workspace/opf-uci-har-2026-09-25/results.json
