START gaussian/prediction-only
DONE gaussian/prediction-only
START gaussian/variance-w0p25
DONE gaussian/variance-w0p25
START gaussian/variance-w1
DONE gaussian/variance-w1
START gaussian/variance-w4
DONE gaussian/variance-w4
START gaussian/sigreg-w0p002
DONE gaussian/sigreg-w0p002
START gaussian/sigreg-w0p005
DONE gaussian/sigreg-w0p005
START gaussian/sigreg-w0p01
DONE gaussian/sigreg-w0p01
START gaussian/sigreg-w0p02
DONE gaussian/sigreg-w0p02
START gaussian/sigreg-w0p05
DONE gaussian/sigreg-w0p05
START bimodal/prediction-only
DONE bimodal/prediction-only
START bimodal/variance-w0p25
DONE bimodal/variance-w0p25
START bimodal/variance-w1
DONE bimodal/variance-w1
START bimodal/variance-w4
DONE bimodal/variance-w4
START bimodal/sigreg-w0p002
DONE bimodal/sigreg-w0p002
START bimodal/sigreg-w0p005
DONE bimodal/sigreg-w0p005
START bimodal/sigreg-w0p01
DONE bimodal/sigreg-w0p01
START bimodal/sigreg-w0p02
DONE bimodal/sigreg-w0p02
START bimodal/sigreg-w0p05
DONE bimodal/sigreg-w0p05
WROTE results/runpod-followup-2026-09-25
